Component: ARM Compiler 5.06 update 5 (build 528) Tool: armlink [4d35e2]

==============================================================================

Section Cross References

    startup_stm32f10x_hd.o(RESET) refers to startup_stm32f10x_hd.o(STACK) for __initial_sp
    startup_stm32f10x_hd.o(RESET) refers to startup_stm32f10x_hd.o(.text) for Reset_Handler
    startup_stm32f10x_hd.o(RESET) refers to stm32f10x_it.o(.text) for NMI_Handler
    startup_stm32f10x_hd.o(RESET) refers to port.o(.emb_text) for SVC_Handler
    startup_stm32f10x_hd.o(.text) refers to system_stm32f10x.o(.text) for SystemInit
    startup_stm32f10x_hd.o(.text) refers to entry.o(.ARM.Collect$$$$00000000) for __main
    system_stm32f10x.o(.text) refers to system_stm32f10x.o(.data) for .data
    stm32f10x_adc.o(.text) refers to stm32f10x_rcc.o(.text) for RCC_APB2PeriphResetCmd
    stm32f10x_bkp.o(.text) refers to stm32f10x_rcc.o(.text) for RCC_BackupResetCmd
    stm32f10x_can.o(.text) refers to stm32f10x_rcc.o(.text) for RCC_APB1PeriphResetCmd
    stm32f10x_cec.o(.text) refers to stm32f10x_rcc.o(.text) for RCC_APB1PeriphResetCmd
    stm32f10x_dac.o(.text) refers to stm32f10x_rcc.o(.text) for RCC_APB1PeriphResetCmd
    stm32f10x_gpio.o(.text) refers to stm32f10x_rcc.o(.text) for RCC_APB2PeriphResetCmd
    stm32f10x_i2c.o(.text) refers to stm32f10x_rcc.o(.text) for RCC_APB1PeriphResetCmd
    stm32f10x_pwr.o(.text) refers to stm32f10x_rcc.o(.text) for RCC_APB1PeriphResetCmd
    stm32f10x_rcc.o(.text) refers to stm32f10x_rcc.o(.data) for .data
    stm32f10x_spi.o(.text) refers to stm32f10x_rcc.o(.text) for RCC_APB2PeriphResetCmd
    stm32f10x_tim.o(.text) refers to stm32f10x_rcc.o(.text) for RCC_APB1PeriphResetCmd
    stm32f10x_usart.o(.text) refers to stm32f10x_rcc.o(.text) for RCC_APB2PeriphResetCmd
    stm32f10x_wwdg.o(.text) refers to stm32f10x_rcc.o(.text) for RCC_APB1PeriphResetCmd
    main.o(.text) refers to memseta.o(.text) for __aeabi_memclr4
    main.o(.text) refers to ff.o(.text) for f_open
    main.o(.text) refers to bsp_key.o(.text) for Key_Scan
    main.o(.text) refers to tasks.o(.text) for vTaskDelay
    main.o(.text) refers to port.o(.text) for vPortEnterCritical
    main.o(.text) refers to misc.o(.text) for NVIC_PriorityGroupConfig
    main.o(.text) refers to bsp_led.o(.text) for LED_GPIO_Config
    main.o(.text) refers to bsp_usart.o(.text) for USART_Config
    main.o(.text) refers to bsp_spi.o(.text) for SPI_FLASH_Init
    main.o(.text) refers to main.o(.bss) for .bss
    main.o(.text) refers to main.o(.data) for .data
    stm32f10x_it.o(.text) refers to tasks.o(.text) for xTaskGetSchedulerState
    stm32f10x_it.o(.text) refers to port.o(.text) for xPortSysTickHandler
    bsp_led.o(.text) refers to stm32f10x_rcc.o(.text) for RCC_APB2PeriphClockCmd
    bsp_led.o(.text) refers to stm32f10x_gpio.o(.text) for GPIO_Init
    bsp_usart.o(.text) refers to stm32f10x_rcc.o(.text) for RCC_APB2PeriphClockCmd
    bsp_usart.o(.text) refers to stm32f10x_gpio.o(.text) for GPIO_Init
    bsp_usart.o(.text) refers to stm32f10x_usart.o(.text) for USART_Init
    bsp_usart.o(.text) refers to misc.o(.text) for NVIC_PriorityGroupConfig
    bsp_key.o(.text) refers to stm32f10x_rcc.o(.text) for RCC_APB2PeriphClockCmd
    bsp_key.o(.text) refers to stm32f10x_gpio.o(.text) for GPIO_Init
    bsp_spi.o(.text) refers to stm32f10x_rcc.o(.text) for RCC_APB2PeriphClockCmd
    bsp_spi.o(.text) refers to stm32f10x_gpio.o(.text) for GPIO_Init
    bsp_spi.o(.text) refers to stm32f10x_spi.o(.text) for SPI_Init
    bsp_spi.o(.text) refers to printf3.o(i.__0printf$3) for __2printf
    bsp_spi.o(.text) refers to bsp_spi.o(.data) for .data
    event_groups.o(.text) refers to printf3.o(i.__0printf$3) for __2printf
    event_groups.o(.text) refers to list.o(.text) for vListInitialise
    event_groups.o(.text) refers to heap_4.o(.text) for pvPortMalloc
    event_groups.o(.text) refers to tasks.o(.text) for vTaskSuspendAll
    event_groups.o(.text) refers to port.o(.text) for vPortEnterCritical
    queue.o(.text) refers to printf3.o(i.__0printf$3) for __2printf
    queue.o(.text) refers to port.o(.text) for vPortEnterCritical
    queue.o(.text) refers to list.o(.text) for vListInitialise
    queue.o(.text) refers to tasks.o(.text) for xTaskRemoveFromEventList
    queue.o(.text) refers to heap_4.o(.text) for pvPortMalloc
    queue.o(.text) refers to memcpya.o(.text) for __aeabi_memcpy
    queue.o(.text) refers to queue.o(.bss) for .bss
    tasks.o(.text) refers to port.o(.text) for vPortEnterCritical
    tasks.o(.text) refers to list.o(.text) for vListInitialise
    tasks.o(.text) refers to printf3.o(i.__0printf$3) for __2printf
    tasks.o(.text) refers to heap_4.o(.text) for pvPortMalloc
    tasks.o(.text) refers to tasks.o(.data) for .data
    tasks.o(.text) refers to tasks.o(.bss) for .bss
    tasks.o(.text) refers to main.o(.text) for vApplicationGetIdleTaskMemory
    tasks.o(.text) refers to timers.o(.text) for xTimerCreateTimerTask
[...]
    printf2.o(i.__0vsnprintf$2) refers to printf2.o(i._printf_core) for _printf_core
    printf2.o(i.__0vsnprintf$2) refers to printf2.o(i._snputc) for _snputc
    printf2.o(i.__0vsprintf$2) refers to printf2.o(i._printf_core) for _printf_core
    printf2.o(i.__0vsprintf$2) refers to printf2.o(i._sputc) for _sputc
    printf3.o(i.__0fprintf$3) refers to printf3.o(i._printf_core) for _printf_core
    printf3.o(i.__0fprintf$3) refers to bsp_usart.o(.text) for fputc
    printf3.o(i.__0printf$3) refers to printf3.o(i._printf_core) for _printf_core
    printf3.o(i.__0printf$3) refers to bsp_usart.o(.text) for fputc
    printf3.o(i.__0printf$3) refers to stdout.o(.data) for __stdout
    printf3.o(i.__0snprintf$3) refers to printf3.o(i._printf_core) for _printf_core
    printf3.o(i.__0snprintf$3) refers to printf3.o(i._snputc) for _snputc
    printf3.o(i.__0sprintf$3) refers to printf3.o(i._printf_core) for _printf_core
    printf3.o(i.__0sprintf$3) refers to printf3.o(i._sputc) for _sputc
    printf3.o(i.__0vfprintf$3) refers to printf3.o(i._printf_core) for _printf_core
    printf3.o(i.__0vfprintf$3) refers to bsp_usart.o(.text) for fputc
    printf3.o(i.__0vprintf$3) refers to printf3.o(i._printf_core) for _printf_core
    printf3.o(i.__0vprintf$3) refers to bsp_usart.o(.text) for fputc
    printf3.o(i.__0vprintf$3) refers to stdout.o(.data) for __stdout
    printf3.o(i.__0vsnprintf$3) refers to printf3.o(i._printf_core) for _printf_core
    printf3.o(i.__0vsnprintf$3) refers to printf3.o(i._snputc) for _snputc
    printf3.o(i.__0vsprintf$3) refers to printf3.o(i._printf_core) for _printf_core
    printf3.o(i.__0vsprintf$3) refers to printf3.o(i._sputc) for _sputc
    printf3.o(i._printf_core) refers to uidiv.o(.text) for __aeabi_uidivmod
    printf4.o(i.__0fprintf$4) refers to printf4.o(i._printf_core) for _printf_core
    printf4.o(i.__0fprintf$4) refers to bsp_usart.o(.text) for fputc
    printf4.o(i.__0printf$4) refers to printf4.o(i._printf_core) for _printf_core
    printf4.o(i.__0printf$4) refers to bsp_usart.o(.text) for fputc
    printf4.o(i.__0printf$4) refers to stdout.o(.data) for __stdout
    printf4.o(i.__0snprintf$4) refers to printf4.o(i._printf_core) for _printf_core
    printf4.o(i.__0snprintf$4) refers to printf4.o(i._snputc) for _snputc
    printf4.o(i.__0sprintf$4) refers to printf4.o(i._printf_core) for _printf_core
    printf4.o(i.__0sprintf$4) refers to printf4.o(i._sputc) for _sputc
    printf4.o(i.__0vfprintf$4) refers to printf4.o(i._printf_core) for _printf_core
    printf4.o(i.__0vfprintf$4) refers to bsp_usart.o(.text) for fputc
    printf4.o(i.__0vprintf$4) refers to printf4.o(i._printf_core) for _printf_core
    printf4.o(i.__0vprintf$4) refers to bsp_usart.o(.text) for fputc
    printf4.o(i.__0vprintf$4) refers to stdout.o(.data) for __stdout
    printf4.o(i.__0vsnprintf$4) refers to printf4.o(i._printf_core) for _printf_core
    printf4.o(i.__0vsnprintf$4) refers to printf4.o(i._snputc) for _snputc
    printf4.o(i.__0vsprintf$4) refers to printf4.o(i._printf_core) for _printf_core
    printf4.o(i.__0vsprintf$4) refers to printf4.o(i._sputc) for _sputc
    printf4.o(i._printf_core) refers to uldiv.o(.text) for __aeabi_uldivmod
    printf5.o(i.__0fprintf$5) refers to printf5.o(i._printf_core) for _printf_core
    printf5.o(i.__0fprintf$5) refers to bsp_usart.o(.text) for fputc
    printf5.o(i.__0printf$5) refers to printf5.o(i._printf_core) for _printf_core
    printf5.o(i.__0printf$5) refers to bsp_usart.o(.text) for fputc
    printf5.o(i.__0printf$5) refers to stdout.o(.data) for __stdout
    printf5.o(i.__0snprintf$5) refers to printf5.o(i._printf_core) for _printf_core
    printf5.o(i.__0snprintf$5) refers to printf5.o(i._snputc) for _snputc
    printf5.o(i.__0sprintf$5) refers to printf5.o(i._printf_core) for _printf_core
    printf5.o(i.__0sprintf$5) refers to printf5.o(i._sputc) for _sputc
    printf5.o(i.__0vfprintf$5) refers to printf5.o(i._printf_core) for _printf_core
    printf5.o(i.__0vfprintf$5) refers to bsp_usart.o(.text) for fputc
    printf5.o(i.__0vprintf$5) refers to printf5.o(i._printf_core) for _printf_core
    printf5.o(i.__0vprintf$5) refers to bsp_usart.o(.text) for fputc
    printf5.o(i.__0vprintf$5) refers to stdout.o(.data) for __stdout
    printf5.o(i.__0vsnprintf$5) refers to printf5.o(i._printf_core) for _printf_core
    printf5.o(i.__0vsnprintf$5) refers to printf5.o(i._snputc) for _snputc
    printf5.o(i.__0vsprintf$5) refers to printf5.o(i._printf_core) for _printf_core
    printf5.o(i.__0vsprintf$5) refers to printf5.o(i._sputc) for _sputc
    printf5.o(i._printf_core) refers to uldiv.o(.text) for __aeabi_uldivmod
    printf6.o(i.__0fprintf$6) refers to printf6.o(i._printf_core) for _printf_core
    printf6.o(i.__0fprintf$6) refers to bsp_usart.o(.text) for fputc
    printf6.o(i.__0printf$6) refers to printf6.o(i._printf_core) for _printf_core
    printf6.o(i.__0printf$6) refers to bsp_usart.o(.text) for fputc
    printf6.o(i.__0printf$6) refers to stdout.o(.data) for __stdout
    printf6.o(i.__0snprintf$6) refers to printf6.o(i._printf_core) for _printf_core
    printf6.o(i.__0snprintf$6) refers to printf6.o(i._snputc) for _snputc
    printf6.o(i.__0sprintf$6) refers to printf6.o(i._printf_core) for _printf_core
    printf6.o(i.__0sprintf$6) refers to printf6.o(i._sputc) for _sputc
    printf6.o(i.__0vfprintf$6) refers to printf6.o(i._printf_core) for _printf_core
    printf6.o(i.__0vfprintf$6) refers to bsp_usart.o(.text) for fputc
    printf6.o(i.__0vprintf$6) refers to printf6.o(i._printf_core) for _printf_core
    printf6.o(i.__0vprintf$6) refers to bsp_usart.o(.text) for fputc
    printf6.o(i.__0vprintf$6) refers to stdout.o(.data) for __stdout
    printf6.o(i.__0vsnprintf$6) refers to printf6.o(i._printf_core) for _printf_core
    printf6.o(i.__0vsnprintf$6) refers to printf6.o(i._snputc) for _snputc
    printf6.o(i.__0vsprintf$6) refers to printf6.o(i._printf_core) for _printf_core
    printf6.o(i.__0vsprintf$6) refers to printf6.o(i._sputc) for _sputc
    printf6.o(i._printf_core) refers to printf6.o(i._printf_pre_padding) for _printf_pre_padding
    printf6.o(i._printf_core) refers to uidiv.o(.text) for __aeabi_uidivmod
    printf6.o(i._printf_core) refers to printf6.o(i._printf_post_padding) for _printf_post_padding
    printf7.o(i.__0fprintf$7) refers to printf7.o(i._printf_core) for _printf_core
    printf7.o(i.__0fprintf$7) refers to bsp_usart.o(.text) for fputc
    printf7.o(i.__0printf$7) refers to printf7.o(i._printf_core) for _printf_core
    printf7.o(i.__0printf$7) refers to bsp_usart.o(.text) for fputc
    printf7.o(i.__0printf$7) refers to stdout.o(.data) for __stdout
    printf7.o(i.__0snprintf$7) refers to printf7.o(i._printf_core) for _printf_core
    printf7.o(i.__0snprintf$7) refers to printf7.o(i._snputc) for _snputc
    printf7.o(i.__0sprintf$7) refers to printf7.o(i._printf_core) for _printf_core
    printf7.o(i.__0sprintf$7) refers to printf7.o(i._sputc) for _sputc
    printf7.o(i.__0vfprintf$7) refers to printf7.o(i._printf_core) for _printf_core
    printf7.o(i.__0vfprintf$7) refers to bsp_usart.o(.text) for fputc
    printf7.o(i.__0vprintf$7) refers to printf7.o(i._printf_core) for _printf_core
    printf7.o(i.__0vprintf$7) refers to bsp_usart.o(.text) for fputc
    printf7.o(i.__0vprintf$7) refers to stdout.o(.data) for __stdout
    printf7.o(i.__0vsnprintf$7) refers to printf7.o(i._printf_core) for _printf_core
    printf7.o(i.__0vsnprintf$7) refers to printf7.o(i._snputc) for _snputc
    printf7.o(i.__0vsprintf$7) refers to printf7.o(i._printf_core) for _printf_core
    printf7.o(i.__0vsprintf$7) refers to printf7.o(i._sputc) for _sputc
    printf7.o(i._printf_core) refers to printf7.o(i._printf_pre_padding) for _printf_pre_padding
    printf7.o(i._printf_core) refers to uldiv.o(.text) for __aeabi_uldivmod
    printf7.o(i._printf_core) refers to printf7.o(i._printf_post_padding) for _printf_post_padding
    printf8.o(i.__0fprintf$8) refers to printf8.o(i._printf_core) for _printf_core
    printf8.o(i.__0fprintf$8) refers to bsp_usart.o(.text) for fputc
    printf8.o(i.__0printf$8) refers to printf8.o(i._printf_core) for _printf_core
    printf8.o(i.__0printf$8) refers to bsp_usart.o(.text) for fputc
    printf8.o(i.__0printf$8) refers to stdout.o(.data) for __stdout
    printf8.o(i.__0snprintf$8) refers to printf8.o(i._printf_core) for _printf_core
    printf8.o(i.__0snprintf$8) refers to printf8.o(i._snputc) for _snputc
    printf8.o(i.__0sprintf$8) refers to printf8.o(i._printf_core) for _printf_core
    printf8.o(i.__0sprintf$8) refers to printf8.o(i._sputc) for _sputc
    printf8.o(i.__0vfprintf$8) refers to printf8.o(i._printf_core) for _printf_core
    printf8.o(i.__0vfprintf$8) refers to bsp_usart.o(.text) for fputc
    printf8.o(i.__0vprintf$8) refers to printf8.o(i._printf_core) for _printf_core
    printf8.o(i.__0vprintf$8) refers to bsp_usart.o(.text) for fputc
    printf8.o(i.__0vprintf$8) refers to stdout.o(.data) for __stdout
    printf8.o(i.__0vsnprintf$8) refers to printf8.o(i._printf_core) for _printf_core
    printf8.o(i.__0vsnprintf$8) refers to printf8.o(i._snputc) for _snputc
    printf8.o(i.__0vsprintf$8) refers to printf8.o(i._printf_core) for _printf_core
    printf8.o(i.__0vsprintf$8) refers to printf8.o(i._sputc) for _sputc
    printf8.o(i._printf_core) refers to printf8.o(i._printf_pre_padding) for _printf_pre_padding
    printf8.o(i._printf_core) refers to uldiv.o(.text) for __aeabi_uldivmod
    printf8.o(i._printf_core) refers to printf8.o(i._printf_post_padding) for _printf_post_padding
    printfa.o(i.__0fprintf) refers (Special) to iusefp.o(.text) for __I$use$fp
    printfa.o(i.__0fprintf) refers to printfa.o(i._printf_core) for _printf_core
    printfa.o(i.__0fprintf) refers to bsp_usart.o(.text) for fputc
    printfa.o(i.__0printf) refers (Special) to iusefp.o(.text) for __I$use$fp
    printfa.o(i.__0printf) refers to printfa.o(i._printf_core) for _printf_core
    printfa.o(i.__0printf) refers to bsp_usart.o(.text) for fputc
    printfa.o(i.__0printf) refers to stdout.o(.data) for __stdout
    printfa.o(i.__0snprintf) refers (Special) to iusefp.o(.text) for __I$use$fp
    printfa.o(i.__0snprintf) refers to printfa.o(i._printf_core) for _printf_core
    printfa.o(i.__0snprintf) refers to printfa.o(i._snputc) for _snputc
    printfa.o(i.__0sprintf) refers (Special) to iusefp.o(.text) for __I$use$fp
    printfa.o(i.__0sprintf) refers to printfa.o(i._printf_core) for _printf_core
    printfa.o(i.__0sprintf) refers to printfa.o(i._sputc) for _sputc
    printfa.o(i.__0vfprintf) refers (Special) to iusefp.o(.text) for __I$use$fp
    printfa.o(i.__0vfprintf) refers to printfa.o(i._printf_core) for _printf_core
    printfa.o(i.__0vfprintf) refers to bsp_usart.o(.text) for fputc
    printfa.o(i.__0vprintf) refers (Special) to iusefp.o(.text) for __I$use$fp
    printfa.o(i.__0vprintf) refers to printfa.o(i._printf_core) for _printf_core
    printfa.o(i.__0vprintf) refers to bsp_usart.o(.text) for fputc
    printfa.o(i.__0vprintf) refers to stdout.o(.data) for __stdout
    printfa.o(i.__0vsnprintf) refers (Special) to iusefp.o(.text) for __I$use$fp
    printfa.o(i.__0vsnprintf) refers to printfa.o(i._printf_core) for _printf_core
    printfa.o(i.__0vsnprintf) refers to printfa.o(i._snputc) for _snputc
    printfa.o(i.__0vsprintf) refers (Special) to iusefp.o(.text) for __I$use$fp
    printfa.o(i.__0vsprintf) refers to printfa.o(i._printf_core) for _printf_core
    printfa.o(i.__0vsprintf) refers to printfa.o(i._sputc) for _sputc
    printfa.o(i._fp_digits) refers (Special) to iusefp.o(.text) for __I$use$fp
    printfa.o(i._fp_digits) refers to dmul.o(.text) for __aeabi_dmul
    printfa.o(i._fp_digits) refers to ddiv.o(.text) for __aeabi_ddiv
    printfa.o(i._fp_digits) refers to cdrcmple.o(.text) for __aeabi_cdrcmple
    printfa.o(i._fp_digits) refers to dadd.o(.text) for __aeabi_dadd
    printfa.o(i._fp_digits) refers to dfixul.o(.text) for __aeabi_d2ulz
    printfa.o(i._fp_digits) refers to uldiv.o(.text) for __aeabi_uldivmod
    printfa.o(i._printf_core) refers (Special) to iusefp.o(.text) for __I$use$fp
    printfa.o(i._printf_core) refers to printfa.o(i._printf_pre_padding) for _printf_pre_padding
    printfa.o(i._printf_core) refers to uldiv.o(.text) for __aeabi_uldivmod
    printfa.o(i._printf_core) refers to printfa.o(i._printf_post_padding) for _printf_post_padding
    printfa.o(i._printf_core) refers to printfa.o(i._fp_digits) for _fp_digits
    printfa.o(i._printf_core) refers to uidiv.o(.text) for __aeabi_uidivmod
    printfa.o(i._printf_post_padding) refers (Special) to iusefp.o(.text) for __I$use$fp
    printfa.o(i._printf_pre_padding) refers (Special) to iusefp.o(.text) for __I$use$fp
    printfa.o(i._snputc) refers (Special) to iusefp.o(.text) for __I$use$fp
    printfa.o(i._sputc) refers (Special) to iusefp.o(.text) for __I$use$fp
    entry2.o(.ARM.Collect$$$$00000001) refers to entry2.o(.ARM.Collect$$$$00002712) for __lit__00000000
    entry2.o(.ARM.Collect$$$$00002712) refers to startup_stm32f10x_hd.o(STACK) for __initial_sp
    entry2.o(__vectab_stack_and_reset_area) refers to startup_stm32f10x_hd.o(STACK) for __initial_sp
    entry2.o(__vectab_stack_and_reset_area) refers to entry.o(.ARM.Collect$$$$00000000) for __main
    entry5.o(.ARM.Collect$$$$00000004) refers to init.o(.text) for __scatterload
    entry9a.o(.ARM.Collect$$$$0000000B) refers to main.o(.text) for main
    entry9b.o(.ARM.Collect$$$$0000000C) refers to main.o(.text) for main
    uldiv.o(.text) refers to llushr.o(.text) for __aeabi_llsr
    uldiv.o(.text) refers to llshl.o(.text) for __aeabi_llsl
    dadd.o(.text) refers to llshl.o(.text) for __aeabi_llsl
    dadd.o(.text) refers to llsshr.o(.text) for __aeabi_lasr
    dadd.o(.text) refers to depilogue.o(.text) for _double_epilogue
    dmul.o(.text) refers to depilogue.o(.text) for _double_epilogue
    ddiv.o(.text) refers to depilogue.o(.text) for _double_round
    dfixul.o(.text) refers to llushr.o(.text) for __aeabi_llsr
    dfixul.o(.text) refers to llshl.o(.text) for __aeabi_llsl
    init.o(.text) refers to entry5.o(.ARM.Collect$$$$00000004) for __main_after_scatterload
    depilogue.o(.text) refers to llshl.o(.text) for __aeabi_llsl
    depilogue.o(.text) refers to llushr.o(.text) for __aeabi_llsr


==============================================================================

Removing Unused input sections from the image.

    Removing startup_stm32f10x_hd.o(HEAP), (512 bytes).
    Removing core_cm3.o(.emb_text), (32 bytes).
    Removing stm32f10x_adc.o(.text), (816 bytes).
    Removing stm32f10x_bkp.o(.text), (152 bytes).
    Removing stm32f10x_can.o(.text), (1800 bytes).
    Removing stm32f10x_cec.o(.text), (248 bytes).
    Removing stm32f10x_crc.o(.text), (64 bytes).
    Removing stm32f10x_dac.o(.text), (252 bytes).
    Removing stm32f10x_dbgmcu.o(.text), (40 bytes).
    Removing stm32f10x_dma.o(.text), (456 bytes).
    Removing stm32f10x_exti.o(.text), (232 bytes).
    Removing stm32f10x_flash.o(.text), (1152 bytes).
    Removing stm32f10x_fsmc.o(.text), (1148 bytes).
    Removing stm32f10x_i2c.o(.text), (808 bytes).
    Removing stm32f10x_iwdg.o(.text), (60 bytes).
    Removing stm32f10x_pwr.o(.text), (172 bytes).
    Removing stm32f10x_rtc.o(.text), (272 bytes).
    Removing stm32f10x_sdio.o(.text), (428 bytes).
    Removing stm32f10x_tim.o(.text), (2800 bytes).
    Removing stm32f10x_wwdg.o(.text), (124 bytes).
    Removing event_groups.o(.text), (848 bytes).
    Removing dadd.o(.text), (334 bytes).
    Removing dmul.o(.text), (228 bytes).
    Removing ddiv.o(.text), (222 bytes).
    Removing dfixul.o(.text), (48 bytes).
    Removing cdrcmple.o(.text), (48 bytes).
    Removing depilogue.o(.text), (186 bytes).

27 unused section(s) (total 13482 bytes) removed from the image.

==============================================================================

Image Symbol Table

    Local Symbols

    Symbol Name                              Value     Ov Type        Size  Object(Section)

    ../clib/microlib/division.c              0x00000000   Number         0  uldiv.o ABSOLUTE
    ../clib/microlib/division.c              0x00000000   Number         0  uidiv.o ABSOLUTE
    ../clib/microlib/init/entry.s            0x00000000   Number         0  entry11a.o ABSOLUTE
    ../clib/microlib/init/entry.s            0x00000000   Number         0  entry10b.o ABSOLUTE
    ../clib/microlib/init/entry.s            0x00000000   Number         0  entry10a.o ABSOLUTE
    ../clib/microlib/init/entry.s            0x00000000   Number         0  entry9b.o ABSOLUTE
    ../clib/microlib/init/entry.s            0x00000000   Number         0  entry11b.o ABSOLUTE
    ../clib/microlib/init/entry.s            0x00000000   Number         0  entry2.o ABSOLUTE
    ../clib/microlib/init/entry.s            0x00000000   Number         0  entry9a.o ABSOLUTE
    ../clib/microlib/init/entry.s            0x00000000   Number         0  entry8a.o ABSOLUTE
    ../clib/microlib/init/entry.s            0x00000000   Number         0  entry5.o ABSOLUTE
    ../clib/microlib/init/entry.s            0x00000000   Number         0  entry8b.o ABSOLUTE
    ../clib/microlib/init/entry.s            0x00000000   Number         0  entry.o ABSOLUTE
    ../clib/microlib/init/entry.s            0x00000000   Number         0  entry7b.o ABSOLUTE
    ../clib/microlib/init/entry.s            0x00000000   Number         0  entry7a.o ABSOLUTE
    ../clib/microlib/longlong.c              0x00000000   Number         0  llsshr.o ABSOLUTE
    ../clib/microlib/longlong.c              0x00000000   Number         0  llshl.o ABSOLUTE
    ../clib/microlib/longlong.c              0x00000000   Number         0  llushr.o ABSOLUTE
    ../clib/microlib/printf/printf.c         0x00000000   Number         0  printf6.o ABSOLUTE
    ../clib/microlib/printf/printf.c         0x00000000   Number         0  printf2.o ABSOLUTE
    ../clib/microlib/printf/printf.c         0x00000000   Number         0  printf7.o ABSOLUTE
    ../clib/microlib/printf/printf.c         0x00000000   Number         0  printf8.o ABSOLUTE
    ../clib/microlib/printf/printf.c         0x00000000   Number         0  printfa.o ABSOLUTE
    ../clib/microlib/printf/printf.c         0x00000000   Number         0  printf1.o ABSOLUTE
    ../clib/microlib/printf/printf.c         0x00000000   Number         0  printf0.o ABSOLUTE
    ../clib/microlib/printf/printf.c         0x00000000   Number         0  printfb.o ABSOLUTE
    ../clib/microlib/printf/printf.c         0x00000000   Number         0  printf4.o ABSOLUTE
    ../clib/microlib/printf/printf.c         0x00000000   Number         0  printf5.o ABSOLUTE
    ../clib/microlib/printf/printf.c         0x00000000   Number         0  printf3.o ABSOLUTE
    ../clib/microlib/printf/stubs.s          0x00000000   Number         0  stubs.o ABSOLUTE
    ../clib/microlib/stdio/streams.c         0x00000000   Number         0  stdout.o ABSOLUTE
    ../clib/microlib/string/memcpy.c         0x00000000   Number         0  memcpya.o ABSOLUTE
    ../clib/microlib/string/memcpy.c         0x00000000   Number         0  memcpyb.o ABSOLUTE
    ../clib/microlib/string/memset.c         0x00000000   Number         0  memseta.o ABSOLUTE
    ../clib/microlib/stubs.s                 0x00000000   Number         0  iusefp.o ABSOLUTE
    ../fplib/microlib/fpadd.c                0x00000000   Number         0  dadd.o ABSOLUTE
    ../fplib/microlib/fpdiv.c                0x00000000   Number         0  ddiv.o ABSOLUTE
    ../fplib/microlib/fpepilogue.c           0x00000000   Number         0  depilogue.o ABSOLUTE
    ../fplib/microlib/fpfix.c                0x00000000   Number         0  dfixul.o ABSOLUTE
    ../fplib/microlib/fpmul.c                0x00000000   Number         0  dmul.o ABSOLUTE
    ..\..\FreeRTOS\port\MemMang\heap_4.c     0x00000000   Number         0  heap_4.o ABSOLUTE
    ..\..\FreeRTOS\port\RVDS\ARM_CM3\port.c  0x00000000   Number         0  port.o ABSOLUTE
    ..\..\FreeRTOS\src\croutine.c            0x00000000   Number         0  croutine.o ABSOLUTE
    ..\..\FreeRTOS\src\event_groups.c        0x00000000   Number         0  event_groups.o ABSOLUTE
    ..\..\FreeRTOS\src\list.c                0x00000000   Number         0  list.o ABSOLUTE
    ..\..\FreeRTOS\src\queue.c               0x00000000   Number         0  queue.o ABSOLUTE
    ..\..\FreeRTOS\src\tasks.c               0x00000000   Number         0  tasks.o ABSOLUTE
    ..\..\FreeRTOS\src\timers.c              0x00000000   Number         0  timers.o ABSOLUTE
    ..\..\Libraries\CMSIS\core_cm3.c         0x00000000   Number         0  core_cm3.o ABSOLUTE
    ..\..\Libraries\CMSIS\startup\startup_stm32f10x_hd.s 0x00000000   Number         0  startup_stm32f10x_hd.o ABSOLUTE
    ..\..\Libraries\CMSIS\system_stm32f10x.c 0x00000000   Number         0  system_stm32f10x.o ABSOLUTE
    ..\..\Libraries\FWlib\src\misc.c         0x00000000   Number         0  misc.o ABSOLUTE
    ..\..\Libraries\FWlib\src\stm32f10x_adc.c 0x00000000   Number         0  stm32f10x_adc.o ABSOLUTE
    ..\..\Libraries\FWlib\src\stm32f10x_bkp.c 0x00000000   Number         0  stm32f10x_bkp.o ABSOLUTE
    ..\..\Libraries\FWlib\src\stm32f10x_can.c 0x00000000   Number         0  stm32f10x_can.o ABSOLUTE
    ..\..\Libraries\FWlib\src\stm32f10x_cec.c 0x00000000   Number         0  stm32f10x_cec.o ABSOLUTE
    ..\..\Libraries\FWlib\src\stm32f10x_crc.c 0x00000000   Number         0  stm32f10x_crc.o ABSOLUTE
    ..\..\Libraries\FWlib\src\stm32f10x_dac.c 0x00000000   Number         0  stm32f10x_dac.o ABSOLUTE
    ..\..\Libraries\FWlib\src\stm32f10x_dbgmcu.c 0x00000000   Number         0  stm32f10x_dbgmcu.o ABSOLUTE
    ..\..\Libraries\FWlib\src\stm32f10x_dma.c 0x00000000   Number         0  stm32f10x_dma.o ABSOLUTE
    ..\..\Libraries\FWlib\src\stm32f10x_exti.c 0x00000000   Number         0  stm32f10x_exti.o ABSOLUTE
    ..\..\Libraries\FWlib\src\stm32f10x_flash.c 0x00000000   Number         0  stm32f10x_flash.o ABSOLUTE
    ..\..\Libraries\FWlib\src\stm32f10x_fsmc.c 0x00000000   Number         0  stm32f10x_fsmc.o ABSOLUTE
    ..\..\Libraries\FWlib\src\stm32f10x_gpio.c 0x00000000   Number         0  stm32f10x_gpio.o ABSOLUTE
    ..\..\Libraries\FWlib\src\stm32f10x_i2c.c 0x00000000   Number         0  stm32f10x_i2c.o ABSOLUTE
    ..\..\Libraries\FWlib\src\stm32f10x_iwdg.c 0x00000000   Number         0  stm32f10x_iwdg.o ABSOLUTE
    ..\..\Libraries\FWlib\src\stm32f10x_pwr.c 0x00000000   Number         0  stm32f10x_pwr.o ABSOLUTE
    ..\..\Libraries\FWlib\src\stm32f10x_rcc.c 0x00000000   Number         0  stm32f10x_rcc.o ABSOLUTE
    ..\..\Libraries\FWlib\src\stm32f10x_rtc.c 0x00000000   Number         0  stm32f10x_rtc.o ABSOLUTE
    ..\..\Libraries\FWlib\src\stm32f10x_sdio.c 0x00000000   Number         0  stm32f10x_sdio.o ABSOLUTE
    ..\..\Libraries\FWlib\src\stm32f10x_spi.c 0x00000000   Number         0  stm32f10x_spi.o ABSOLUTE
    ..\..\Libraries\FWlib\src\stm32f10x_tim.c 0x00000000   Number         0  stm32f10x_tim.o ABSOLUTE
    ..\..\Libraries\FWlib\src\stm32f10x_usart.c 0x00000000   Number         0  stm32f10x_usart.o ABSOLUTE
    ..\..\Libraries\FWlib\src\stm32f10x_wwdg.c 0x00000000   Number         0  stm32f10x_wwdg.o ABSOLUTE
    ..\..\User\FATFS\src\diskio.c            0x00000000   Number         0  diskio.o ABSOLUTE
    ..\..\User\FATFS\src\ff.c                0x00000000   Number         0  ff.o ABSOLUTE
    ..\..\User\FATFS\src\option\cc936.c      0x00000000   Number         0  cc936.o ABSOLUTE
    ..\..\User\Led\bsp_led.c                 0x00000000   Number         0  bsp_led.o ABSOLUTE
    ..\..\User\key\bsp_key.c                 0x00000000   Number         0  bsp_key.o ABSOLUTE
    ..\..\User\main.c                        0x00000000   Number         0  main.o ABSOLUTE
    ..\..\User\spi\bsp_spi.c                 0x00000000   Number         0  bsp_spi.o ABSOLUTE
    ..\..\User\stm32f10x_it.c                0x00000000   Number         0  stm32f10x_it.o ABSOLUTE
    ..\..\User\uart\bsp_usart.c              0x00000000   Number         0  bsp_usart.o ABSOLUTE
    ..\\..\\FreeRTOS\\port\\RVDS\\ARM_CM3\\port.c 0x00000000   Number         0  port.o ABSOLUTE
    ..\\..\\Libraries\\CMSIS\\core_cm3.c     0x00000000   Number         0  core_cm3.o ABSOLUTE
    cdrcmple.s                               0x00000000   Number         0  cdrcmple.o ABSOLUTE
    dc.s                                     0x00000000   Number         0  dc.o ABSOLUTE
    handlers.s                               0x00000000   Number         0  handlers.o ABSOLUTE
    init.s                                   0x00000000   Number         0  init.o ABSOLUTE
    RESET                                    0x08000000   Section      304  startup_stm32f10x_hd.o(RESET)
    .ARM.Collect$$$$00000000                 0x08000130   Section        0  entry.o(.ARM.Collect$$$$00000000)
    .ARM.Collect$$$$00000001                 0x08000130   Section        4  entry2.o(.ARM.Collect$$$$00000001)
    .ARM.Collect$$$$00000004                 0x08000134   Section        4  entry5.o(.ARM.Collect$$$$00000004)
    .ARM.Collect$$$$00000008                 0x08000138   Section        0  entry7b.o(.ARM.Collect$$$$00000008)
    .ARM.Collect$$$$0000000A                 0x08000138   Section        0  entry8b.o(.ARM.Collect$$$$0000000A)
    .ARM.Collect$$$$0000000B                 0x08000138   Section        8  entry9a.o(.ARM.Collect$$$$0000000B)
    .ARM.Collect$$$$0000000D                 0x08000140   Section        0  entry10a.o(.ARM.Collect$$$$0000000D)
    .ARM.Collect$$$$0000000F                 0x08000140   Section        0  entry11a.o(.ARM.Collect$$$$0000000F)
    .ARM.Collect$$$$00002712                 0x08000140   Section        4  entry2.o(.ARM.Collect$$$$00002712)
    __lit__00000000                          0x08000140   Data           4  entry2.o(.ARM.Collect$$$$00002712)
    .emb_text                                0x08000144   Section      150  port.o(.emb_text)
    .text                                    0x080001dc   Section       36  startup_stm32f10x_hd.o(.text)
    .text                                    0x08000200   Section        0  system_stm32f10x.o(.text)
    SetSysClockTo72                          0x08000201   Thumb Code   160  system_stm32f10x.o(.text)
    .text                                    0x08000358   Section        0  misc.o(.text)
    .text                                    0x08000408   Section        0  stm32f10x_gpio.o(.text)
    .text                                    0x0800066c   Section        0  stm32f10x_rcc.o(.text)
    .text                                    0x08000924   Section        0  stm32f10x_spi.o(.text)
    .text                                    0x08000b98   Section        0  stm32f10x_usart.o(.text)
    .text                                    0x08000ec0   Section        0  main.o(.text)
    .text                                    0x08001064   Section        0  stm32f10x_it.o(.text)
    .text                                    0x08001084   Section        0  bsp_led.o(.text)
    .text                                    0x080010e4   Section        0  bsp_usart.o(.text)
    .text                                    0x08001268   Section        0  bsp_key.o(.text)
    .text                                    0x080012c4   Section        0  bsp_spi.o(.text)
    SPI_TIMEOUT_UserCallback                 0x08001761   Thumb Code    14  bsp_spi.o(.text)
    .text                                    0x080017a4   Section        0  list.o(.text)
    .text                                    0x0800182c   Section        0  queue.o(.text)
    prvUnlockQueue                           0x08001955   Thumb Code   106  queue.o(.text)
    prvCopyDataToQueue                       0x080019bf   Thumb Code   108  queue.o(.text)
    prvCopyDataFromQueue                     0x08001bdf   Thumb Code    86  queue.o(.text)
    prvInitialiseNewQueue                    0x08002247   Thumb Code    22  queue.o(.text)
    prvInitialiseMutex                       0x0800225d   Thumb Code    22  queue.o(.text)
    prvIsQueueEmpty                          0x08002273   Thumb Code    26  queue.o(.text)
    .text                                    0x08002294   Section        0  tasks.o(.text)
    prvAddNewTaskToReadyList                 0x08002295   Thumb Code   190  tasks.o(.text)
    prvInitialiseNewTask                     0x08002353   Thumb Code   142  tasks.o(.text)
    prvDeleteTCB                             0x080024a1   Thumb Code    52  tasks.o(.text)
    prvAddCurrentTaskToDelayedList           0x0800271b   Thumb Code   100  tasks.o(.text)
    prvTaskIsTaskSuspended                   0x08002a9b   Thumb Code    48  tasks.o(.text)
    prvIdleTask                              0x08002bcf   Thumb Code    30  tasks.o(.text)
    prvResetNextTaskUnblockTime              0x080033b1   Thumb Code    26  tasks.o(.text)
    prvCheckTasksWaitingTermination          0x080033cb   Thumb Code    74  tasks.o(.text)
    .text                                    0x0800341c   Section        0  timers.o(.text)
    prvInsertTimerInActiveList               0x0800341d   Thumb Code    52  timers.o(.text)
    prvProcessReceivedCommands               0x080034b1   Thumb Code   190  timers.o(.text)
    prvTimerTask                             0x0800356f   Thumb Code    34  timers.o(.text)
    prvCheckForValidListAndQueue             0x08003591   Thumb Code    72  timers.o(.text)
    prvInitialiseNewTimer                    0x08003629   Thumb Code    64  timers.o(.text)
    prvSampleTimeNow                         0x0800379f   Thumb Code    36  timers.o(.text)
    prvProcessTimerOrBlockTask               0x080037c3   Thumb Code   178  timers.o(.text)
    prvSwitchTimerLists                      0x08003875   Thumb Code    98  timers.o(.text)
    prvProcessExpiredTimer                   0x080038d7   Thumb Code    84  timers.o(.text)
    .text                                    0x0800395c   Section        0  heap_4.o(.text)
    prvInsertBlockIntoFreeList               0x0800395d   Thumb Code    72  heap_4.o(.text)
    prvHeapInit                              0x08003aed   Thumb Code    66  heap_4.o(.text)
    .text                                    0x08003b70   Section        0  port.o(.text)
    prvTaskExitError                         0x08003b71   Thumb Code    34  port.o(.text)
    .text                                    0x08003d64   Section        0  diskio.o(.text)
    .text                                    0x08003e44   Section        0  ff.o(.text)
    sync_window                              0x08003e45   Thumb Code    82  ff.o(.text)
    move_window                              0x08003e97   Thumb Code    50  ff.o(.text)
    sync_fs                                  0x08003ec9   Thumb Code   176  ff.o(.text)
    remove_chain                             0x08004197   Thumb Code    96  ff.o(.text)
    create_chain                             0x080041f7   Thumb Code   156  ff.o(.text)
    dir_sdi                                  0x08004293   Thumb Code   142  ff.o(.text)
    dir_next                                 0x08004321   Thumb Code   248  ff.o(.text)
    dir_find                                 0x08004419   Thumb Code   194  ff.o(.text)
    dir_read                                 0x080044db   Thumb Code   258  ff.o(.text)
    dir_register                             0x080045dd   Thumb Code   406  ff.o(.text)
    dir_remove                               0x08004773   Thumb Code    96  ff.o(.text)
    get_fileinfo                             0x080047d3   Thumb Code   192  ff.o(.text)
    create_name                              0x08004893   Thumb Code   512  ff.o(.text)
    follow_path                              0x08004a93   Thumb Code   102  ff.o(.text)
    get_ldnumber                             0x08004af9   Thumb Code    60  ff.o(.text)
    check_fs                                 0x08004b35   Thumb Code    86  ff.o(.text)
    find_volume                              0x08004b8b   Thumb Code   626  ff.o(.text)
    validate                                 0x08004dfd   Thumb Code    34  ff.o(.text)
    mem_cpy                                  0x08006001   Thumb Code    16  ff.o(.text)
    mem_set                                  0x08006011   Thumb Code    14  ff.o(.text)
    chk_chr                                  0x0800601f   Thumb Code    16  ff.o(.text)
    ld_clust                                 0x0800602f   Thumb Code    18  ff.o(.text)
    st_clust                                 0x08006041   Thumb Code    16  ff.o(.text)
    cmp_lfn                                  0x08006051   Thumb Code   120  ff.o(.text)
    gen_numname                              0x080060c9   Thumb Code   134  ff.o(.text)
    sum_sfn                                  0x0800614f   Thumb Code    26  ff.o(.text)
    .text                                    0x0800619c   Section        0  cc936.o(.text)
    .text                                    0x08006238   Section        0  memcpya.o(.text)
    .text                                    0x0800625c   Section        0  memseta.o(.text)
    .text                                    0x08006280   Section        0  uidiv.o(.text)
    .text                                    0x080062ac   Section       36  init.o(.text)
    i.__0printf$3                            0x080062d0   Section        0  printf3.o(i.__0printf$3)
    i.__scatterload_copy                     0x080062f0   Section       14  handlers.o(i.__scatterload_copy)
    i.__scatterload_null                     0x080062fe   Section        2  handlers.o(i.__scatterload_null)
    i.__scatterload_zeroinit                 0x08006300   Section       14  handlers.o(i.__scatterload_zeroinit)
    i._printf_core                           0x08006310   Section        0  printf3.o(i._printf_core)
    _printf_core                             0x08006311   Thumb Code   436  printf3.o(i._printf_core)
    .constdata                               0x080064c8   Section       58  ff.o(.constdata)
    LfnOfs                                   0x080064c8   Data          13  ff.o(.constdata)
    vst                                      0x080064d6   Data          22  ff.o(.constdata)
    cst                                      0x080064ec   Data          22  ff.o(.constdata)
    .constdata                               0x08006502   Section    176320  cc936.o(.constdata)
    uni2oem                                  0x08006502   Data       87172  cc936.o(.constdata)
    oem2uni                                  0x0801b986   Data       87172  cc936.o(.constdata)
    lower                                    0x08030e0a   Data         988  cc936.o(.constdata)
    upper                                    0x080311e6   Data         988  cc936.o(.constdata)
    .data                                    0x20000000   Section       20  system_stm32f10x.o(.data)
    .data                                    0x20000014   Section       20  stm32f10x_rcc.o(.data)
    ADCPrescTable                            0x20000014   Data           4  stm32f10x_rcc.o(.data)
    APBAHBPrescTable                         0x20000018   Data          16  stm32f10x_rcc.o(.data)
    .data                                    0x20000028   Section       12  main.o(.data)
    .data                                    0x20000034   Section        4  bsp_spi.o(.data)
    SPITimeout                               0x20000034   Data           4  bsp_spi.o(.data)
    .data                                    0x20000038   Section       60  tasks.o(.data)
    uxDeletedTasksWaitingCleanUp             0x2000003c   Data           4  tasks.o(.data)
    uxCurrentNumberOfTasks                   0x20000040   Data           4  tasks.o(.data)
    xTickCount                               0x20000044   Data           4  tasks.o(.data)
    uxTopReadyPriority                       0x20000048   Data           4  tasks.o(.data)
    xSchedulerRunning                        0x2000004c   Data           4  tasks.o(.data)
    uxPendedTicks                            0x20000050   Data           4  tasks.o(.data)
    xYieldPending                            0x20000054   Data           4  tasks.o(.data)
    xNumOfOverflows                          0x20000058   Data           4  tasks.o(.data)
    uxTaskNumber                             0x2000005c   Data           4  tasks.o(.data)
    xNextTaskUnblockTime                     0x20000060   Data           4  tasks.o(.data)
    xIdleTaskHandle                          0x20000064   Data           4  tasks.o(.data)
    uxSchedulerSuspended                     0x20000068   Data           4  tasks.o(.data)
    pxDelayedTaskList                        0x2000006c   Data           4  tasks.o(.data)
    pxOverflowDelayedTaskList                0x20000070   Data           4  tasks.o(.data)
    .data                                    0x20000074   Section       20  timers.o(.data)
    xTimerQueue                              0x20000074   Data           4  timers.o(.data)
    xTimerTaskHandle                         0x20000078   Data           4  timers.o(.data)
    xLastTime                                0x2000007c   Data           4  timers.o(.data)
    pxCurrentTimerList                       0x20000080   Data           4  timers.o(.data)
    pxOverflowTimerList                      0x20000084   Data           4  timers.o(.data)
    .data                                    0x20000088   Section       24  heap_4.o(.data)
    pxEnd                                    0x20000088   Data           4  heap_4.o(.data)
    xFreeBytesRemaining                      0x2000008c   Data           4  heap_4.o(.data)
    xMinimumEverFreeBytesRemaining           0x20000090   Data           4  heap_4.o(.data)
    xBlockAllocatedBit                       0x20000094   Data           4  heap_4.o(.data)
    xStart                                   0x20000098   Data           8  heap_4.o(.data)
    .data                                    0x200000a0   Section       12  port.o(.data)
    ucMaxSysCallPriority                     0x200000a0   Data           1  port.o(.data)
    uxCriticalNesting                        0x200000a4   Data           4  port.o(.data)
    ulMaxPRIGROUPValue                       0x200000a8   Data           4  port.o(.data)
    .data                                    0x200000ac   Section       12  ff.o(.data)
    Fsid                                     0x200000ac   Data           2  ff.o(.data)
    FatFs                                    0x200000b0   Data           8  ff.o(.data)
    .data                                    0x200000b8   Section        4  stdout.o(.data)
    .bss                                     0x200000bc   Section     9980  main.o(.bss)
    .bss                                     0x200027b8   Section       80  queue.o(.bss)
    .bss                                     0x20002808   Section      740  tasks.o(.bss)
    pxReadyTasksLists                        0x20002808   Data         640  tasks.o(.bss)
    xDelayedTaskList1                        0x20002a88   Data          20  tasks.o(.bss)
    xDelayedTaskList2                        0x20002a9c   Data          20  tasks.o(.bss)
    xPendingReadyList                        0x20002ab0   Data          20  tasks.o(.bss)
    xTasksWaitingTermination                 0x20002ac4   Data          20  tasks.o(.bss)
    xSuspendedTaskList                       0x20002ad8   Data          20  tasks.o(.bss)
    .bss                                     0x20002aec   Section      232  timers.o(.bss)
    xStaticTimerQueue                        0x20002aec   Data          72  timers.o(.bss)
    ucStaticTimerQueueStorage                0x20002b34   Data         120  timers.o(.bss)
    xActiveTimerList1                        0x20002bac   Data          20  timers.o(.bss)
    xActiveTimerList2                        0x20002bc0   Data          20  timers.o(.bss)
    .bss                                     0x20002bd4   Section    36864  heap_4.o(.bss)
    ucHeap                                   0x20002bd4   Data       36864  heap_4.o(.bss)
    .bss                                     0x2000bbd4   Section      512  ff.o(.bss)
    LfnBuf                                   0x2000bbd4   Data         512  ff.o(.bss)
    STACK                                    0x2000bdd8   Section     1024  startup_stm32f10x_hd.o(STACK)

    Global Symbols

    Symbol Name                              Value     Ov Type        Size  Object(Section)

    BuildAttributes$$THM_ISAv4$P$D$K$B$S$PE$A:L22UL41UL21$X:L11$S22US41US21$IEEE1$IW$USESV6$~STKCKD$USESV7$~SHL$OSPACE$ROPI$EBA8$MICROLIB$REQ8$PRES8$EABIv2 0x00000000   Number         0  anon$$obj.o ABSOLUTE
    __ARM_use_no_argv                        0x00000000   Number         0  main.o ABSOLUTE
    _printf_a                                0x00000000   Number         0  stubs.o ABSOLUTE
    _printf_c                                0x00000000   Number         0  stubs.o ABSOLUTE
    _printf_charcount                        0x00000000   Number         0  stubs.o ABSOLUTE
    _printf_d                                0x00000000   Number         0  stubs.o ABSOLUTE
    _printf_e                                0x00000000   Number         0  stubs.o ABSOLUTE
    _printf_f                                0x00000000   Number         0  stubs.o ABSOLUTE
    _printf_flags                            0x00000000   Number         0  stubs.o ABSOLUTE
    _printf_fp_dec                           0x00000000   Number         0  stubs.o ABSOLUTE
    _printf_fp_hex                           0x00000000   Number         0  stubs.o ABSOLUTE
    _printf_g                                0x00000000   Number         0  stubs.o ABSOLUTE
    _printf_i                                0x00000000   Number         0  stubs.o ABSOLUTE
    _printf_int_dec                          0x00000000   Number         0  stubs.o ABSOLUTE
    _printf_l                                0x00000000   Number         0  stubs.o ABSOLUTE
    _printf_lc                               0x00000000   Number         0  stubs.o ABSOLUTE
    _printf_ll                               0x00000000   Number         0  stubs.o ABSOLUTE
    _printf_lld                              0x00000000   Number         0  stubs.o ABSOLUTE
    _printf_lli                              0x00000000   Number         0  stubs.o ABSOLUTE
    _printf_llo                              0x00000000   Number         0  stubs.o ABSOLUTE
    _printf_llu                              0x00000000   Number         0  stubs.o ABSOLUTE
    _printf_llx                              0x00000000   Number         0  stubs.o ABSOLUTE
    _printf_longlong_dec                     0x00000000   Number         0  stubs.o ABSOLUTE
    _printf_longlong_hex                     0x00000000   Number         0  stubs.o ABSOLUTE
    _printf_longlong_oct                     0x00000000   Number         0  stubs.o ABSOLUTE
    _printf_ls                               0x00000000   Number         0  stubs.o ABSOLUTE
    _printf_mbtowc                           0x00000000   Number         0  stubs.o ABSOLUTE
    _printf_n                                0x00000000   Number         0  stubs.o ABSOLUTE
    _printf_o                                0x00000000   Number         0  stubs.o ABSOLUTE
    _printf_p                                0x00000000   Number         0  stubs.o ABSOLUTE
    _printf_percent                          0x00000000   Number         0  stubs.o ABSOLUTE
    _printf_pre_padding                      0x00000000   Number         0  stubs.o ABSOLUTE
    _printf_return_value                     0x00000000   Number         0  stubs.o ABSOLUTE
    _printf_s                                0x00000000   Number         0  stubs.o ABSOLUTE
    _printf_sizespec                         0x00000000   Number         0  stubs.o ABSOLUTE
    _printf_str                              0x00000000   Number         0  stubs.o ABSOLUTE
    _printf_truncate_signed                  0x00000000   Number         0  stubs.o ABSOLUTE
    _printf_truncate_unsigned                0x00000000   Number         0  stubs.o ABSOLUTE
    _printf_u                                0x00000000   Number         0  stubs.o ABSOLUTE
    _printf_wc                               0x00000000   Number         0  stubs.o ABSOLUTE
    _printf_wctomb                           0x00000000   Number         0  stubs.o ABSOLUTE
    _printf_widthprec                        0x00000000   Number         0  stubs.o ABSOLUTE
    _printf_x                                0x00000000   Number         0  stubs.o ABSOLUTE
    __cpp_initialize__aeabi_                  - Undefined Weak Reference
    __cxa_finalize                            - Undefined Weak Reference
    __decompress                              - Undefined Weak Reference
    _clock_init                               - Undefined Weak Reference
    _microlib_exit                            - Undefined Weak Reference
    __Vectors_Size                           0x00000130   Number         0  startup_stm32f10x_hd.o ABSOLUTE
    __Vectors                                0x08000000   Data           4  startup_stm32f10x_hd.o(RESET)
    __Vectors_End                            0x08000130   Data           0  startup_stm32f10x_hd.o(RESET)
    __main                                   0x08000131   Thumb Code     0  entry.o(.ARM.Collect$$$$00000000)
    _main_stk                                0x08000131   Thumb Code     0  entry2.o(.ARM.Collect$$$$00000001)
    _main_scatterload                        0x08000135   Thumb Code     0  entry5.o(.ARM.Collect$$$$00000004)
    __main_after_scatterload                 0x08000139   Thumb Code     0  entry5.o(.ARM.Collect$$$$00000004)
    _main_clock                              0x08000139   Thumb Code     0  entry7b.o(.ARM.Collect$$$$00000008)
    _main_cpp_init                           0x08000139   Thumb Code     0  entry8b.o(.ARM.Collect$$$$0000000A)
    _main_init                               0x08000139   Thumb Code     0  entry9a.o(.ARM.Collect$$$$0000000B)
    __rt_final_cpp                           0x08000141   Thumb Code     0  entry10a.o(.ARM.Collect$$$$0000000D)
    __rt_final_exit                          0x08000141   Thumb Code     0  entry11a.o(.ARM.Collect$$$$0000000F)
    SVC_Handler                              0x08000145   Thumb Code    32  port.o(.emb_text)
    __asm___6_port_c_39a90d8d__prvStartFirstTask 0x08000169   Thumb Code    28  port.o(.emb_text)
    PendSV_Handler                           0x08000189   Thumb Code    72  port.o(.emb_text)
    vPortGetIPSR                             0x080001d5   Thumb Code     6  port.o(.emb_text)
    Reset_Handler                            0x080001dd   Thumb Code     8  startup_stm32f10x_hd.o(.text)
    ADC1_2_IRQHandler                        0x080001f7   Thumb Code     0  startup_stm32f10x_hd.o(.text)
    ADC3_IRQHandler                          0x080001f7   Thumb Code     0  startup_stm32f10x_hd.o(.text)
    CAN1_RX1_IRQHandler                      0x080001f7   Thumb Code     0  startup_stm32f10x_hd.o(.text)
    CAN1_SCE_IRQHandler                      0x080001f7   Thumb Code     0  startup_stm32f10x_hd.o(.text)
    DMA1_Channel1_IRQHandler                 0x080001f7   Thumb Code     0  startup_stm32f10x_hd.o(.text)
    DMA1_Channel2_IRQHandler                 0x080001f7   Thumb Code     0  startup_stm32f10x_hd.o(.text)
    DMA1_Channel3_IRQHandler                 0x080001f7   Thumb Code     0  startup_stm32f10x_hd.o(.text)
    DMA1_Channel4_IRQHandler                 0x080001f7   Thumb Code     0  startup_stm32f10x_hd.o(.text)
    DMA1_Channel5_IRQHandler                 0x080001f7   Thumb Code     0  startup_stm32f10x_hd.o(.text)
    DMA1_Channel6_IRQHandler                 0x080001f7   Thumb Code     0  startup_stm32f10x_hd.o(.text)
    DMA1_Channel7_IRQHandler                 0x080001f7   Thumb Code     0  startup_stm32f10x_hd.o(.text)
    DMA2_Channel1_IRQHandler                 0x080001f7   Thumb Code     0  startup_stm32f10x_hd.o(.text)
    DMA2_Channel2_IRQHandler                 0x080001f7   Thumb Code     0  startup_stm32f10x_hd.o(.text)
    DMA2_Channel3_IRQHandler                 0x080001f7   Thumb Code     0  startup_stm32f10x_hd.o(.text)
    DMA2_Channel4_5_IRQHandler               0x080001f7   Thumb Code     0  startup_stm32f10x_hd.o(.text)
    EXTI0_IRQHandler                         0x080001f7   Thumb Code     0  startup_stm32f10x_hd.o(.text)
    EXTI15_10_IRQHandler                     0x080001f7   Thumb Code     0  startup_stm32f10x_hd.o(.text)
    EXTI1_IRQHandler                         0x080001f7   Thumb Code     0  startup_stm32f10x_hd.o(.text)
    EXTI2_IRQHandler                         0x080001f7   Thumb Code     0  startup_stm32f10x_hd.o(.text)
    EXTI3_IRQHandler                         0x080001f7   Thumb Code     0  startup_stm32f10x_hd.o(.text)
    EXTI4_IRQHandler                         0x080001f7   Thumb Code     0  startup_stm32f10x_hd.o(.text)
    EXTI9_5_IRQHandler                       0x080001f7   Thumb Code     0  startup_stm32f10x_hd.o(.text)
    FLASH_IRQHandler                         0x080001f7   Thumb Code     0  startup_stm32f10x_hd.o(.text)
    FSMC_IRQHandler                          0x080001f7   Thumb Code     0  startup_stm32f10x_hd.o(.text)
    I2C1_ER_IRQHandler                       0x080001f7   Thumb Code     0  startup_stm32f10x_hd.o(.text)
    I2C1_EV_IRQHandler                       0x080001f7   Thumb Code     0  startup_stm32f10x_hd.o(.text)
    I2C2_ER_IRQHandler                       0x080001f7   Thumb Code     0  startup_stm32f10x_hd.o(.text)
    I2C2_EV_IRQHandler                       0x080001f7   Thumb Code     0  startup_stm32f10x_hd.o(.text)
    PVD_IRQHandler                           0x080001f7   Thumb Code     0  startup_stm32f10x_hd.o(.text)
    RCC_IRQHandler                           0x080001f7   Thumb Code     0  startup_stm32f10x_hd.o(.text)
    RTCAlarm_IRQHandler                      0x080001f7   Thumb Code     0  startup_stm32f10x_hd.o(.text)
    RTC_IRQHandler                           0x080001f7   Thumb Code     0  startup_stm32f10x_hd.o(.text)
    SDIO_IRQHandler                          0x080001f7   Thumb Code     0  startup_stm32f10x_hd.o(.text)
    SPI1_IRQHandler                          0x080001f7   Thumb Code     0  startup_stm32f10x_hd.o(.text)
    SPI2_IRQHandler                          0x080001f7   Thumb Code     0  startup_stm32f10x_hd.o(.text)
    SPI3_IRQHandler                          0x080001f7   Thumb Code     0  startup_stm32f10x_hd.o(.text)
    TAMPER_IRQHandler                        0x080001f7   Thumb Code     0  startup_stm32f10x_hd.o(.text)
    TIM1_BRK_IRQHandler                      0x080001f7   Thumb Code     0  startup_stm32f10x_hd.o(.text)
    TIM1_CC_IRQHandler                       0x080001f7   Thumb Code     0  startup_stm32f10x_hd.o(.text)
    TIM1_TRG_COM_IRQHandler                  0x080001f7   Thumb Code     0  startup_stm32f10x_hd.o(.text)
    TIM1_UP_IRQHandler                       0x080001f7   Thumb Code     0  startup_stm32f10x_hd.o(.text)
    TIM2_IRQHandler                          0x080001f7   Thumb Code     0  startup_stm32f10x_hd.o(.text)
    TIM3_IRQHandler                          0x080001f7   Thumb Code     0  startup_stm32f10x_hd.o(.text)
    TIM4_IRQHandler                          0x080001f7   Thumb Code     0  startup_stm32f10x_hd.o(.text)
    TIM5_IRQHandler                          0x080001f7   Thumb Code     0  startup_stm32f10x_hd.o(.text)
    TIM6_IRQHandler                          0x080001f7   Thumb Code     0  startup_stm32f10x_hd.o(.text)
    TIM7_IRQHandler                          0x080001f7   Thumb Code     0  startup_stm32f10x_hd.o(.text)
    TIM8_BRK_IRQHandler                      0x080001f7   Thumb Code     0  startup_stm32f10x_hd.o(.text)
    TIM8_CC_IRQHandler                       0x080001f7   Thumb Code     0  startup_stm32f10x_hd.o(.text)
    TIM8_TRG_COM_IRQHandler                  0x080001f7   Thumb Code     0  startup_stm32f10x_hd.o(.text)
    TIM8_UP_IRQHandler                       0x080001f7   Thumb Code     0  startup_stm32f10x_hd.o(.text)
    UART4_IRQHandler                         0x080001f7   Thumb Code     0  startup_stm32f10x_hd.o(.text)
    UART5_IRQHandler                         0x080001f7   Thumb Code     0  startup_stm32f10x_hd.o(.text)
    USART1_IRQHandler                        0x080001f7   Thumb Code     0  startup_stm32f10x_hd.o(.text)
    USART2_IRQHandler                        0x080001f7   Thumb Code     0  startup_stm32f10x_hd.o(.text)
    USART3_IRQHandler                        0x080001f7   Thumb Code     0  startup_stm32f10x_hd.o(.text)
    USBWakeUp_IRQHandler                     0x080001f7   Thumb Code     0  startup_stm32f10x_hd.o(.text)
    USB_HP_CAN1_TX_IRQHandler                0x080001f7   Thumb Code     0  startup_stm32f10x_hd.o(.text)
    USB_LP_CAN1_RX0_IRQHandler               0x080001f7   Thumb Code     0  startup_stm32f10x_hd.o(.text)
    WWDG_IRQHandler                          0x080001f7   Thumb Code     0  startup_stm32f10x_hd.o(.text)
    SystemInit                               0x080002a1   Thumb Code    64  system_stm32f10x.o(.text)
    SystemCoreClockUpdate                    0x080002e1   Thumb Code    86  system_stm32f10x.o(.text)
    NVIC_PriorityGroupConfig                 0x08000359   Thumb Code    10  misc.o(.text)
    NVIC_Init                                0x08000363   Thumb Code    94  misc.o(.text)
    NVIC_SetVectorTable                      0x080003c1   Thumb Code    14  misc.o(.text)
    NVIC_SystemLPConfig                      0x080003cf   Thumb Code    20  misc.o(.text)
    SysTick_CLKSourceConfig                  0x080003e3   Thumb Code    24  misc.o(.text)
    GPIO_DeInit                              0x08000409   Thumb Code   152  stm32f10x_gpio.o(.text)
    GPIO_AFIODeInit                          0x080004a1   Thumb Code    22  stm32f10x_gpio.o(.text)
    GPIO_Init                                0x080004b7   Thumb Code   156  stm32f10x_gpio.o(.text)
    GPIO_StructInit                          0x08000553   Thumb Code    16  stm32f10x_gpio.o(.text)
    GPIO_ReadInputDataBit                    0x08000563   Thumb Code    14  stm32f10x_gpio.o(.text)
    GPIO_ReadInputData                       0x08000571   Thumb Code     6  stm32f10x_gpio.o(.text)
    GPIO_ReadOutputDataBit                   0x08000577   Thumb Code    14  stm32f10x_gpio.o(.text)
    GPIO_ReadOutputData                      0x08000585   Thumb Code     6  stm32f10x_gpio.o(.text)
    GPIO_SetBits                             0x0800058b   Thumb Code     4  stm32f10x_gpio.o(.text)
    GPIO_ResetBits                           0x0800058f   Thumb Code     4  stm32f10x_gpio.o(.text)
    GPIO_WriteBit                            0x08000593   Thumb Code    10  stm32f10x_gpio.o(.text)
    GPIO_Write                               0x0800059d   Thumb Code     4  stm32f10x_gpio.o(.text)
    GPIO_PinLockConfig                       0x080005a1   Thumb Code    16  stm32f10x_gpio.o(.text)
    GPIO_EventOutputConfig                   0x080005b1   Thumb Code    22  stm32f10x_gpio.o(.text)
    GPIO_EventOutputCmd                      0x080005c7   Thumb Code     6  stm32f10x_gpio.o(.text)
    GPIO_PinRemapConfig                      0x080005cd   Thumb Code    82  stm32f10x_gpio.o(.text)
    GPIO_EXTILineConfig                      0x0800061f   Thumb Code    34  stm32f10x_gpio.o(.text)
    GPIO_ETH_MediaInterfaceConfig            0x08000641   Thumb Code     8  stm32f10x_gpio.o(.text)
    RCC_DeInit                               0x0800066d   Thumb Code    50  stm32f10x_rcc.o(.text)
    RCC_HSEConfig                            0x0800069f   Thumb Code    48  stm32f10x_rcc.o(.text)
    RCC_GetFlagStatus                        0x080006cf   Thumb Code    42  stm32f10x_rcc.o(.text)
    RCC_WaitForHSEStartUp                    0x080006f9   Thumb Code    44  stm32f10x_rcc.o(.text)
    RCC_AdjustHSICalibrationValue            0x08000725   Thumb Code    16  stm32f10x_rcc.o(.text)
    RCC_HSICmd                               0x08000735   Thumb Code     6  stm32f10x_rcc.o(.text)
    RCC_PLLConfig                            0x0800073b   Thumb Code    16  stm32f10x_rcc.o(.text)
    RCC_PLLCmd                               0x0800074b   Thumb Code     6  stm32f10x_rcc.o(.text)
    RCC_SYSCLKConfig                         0x08000751   Thumb Code    14  stm32f10x_rcc.o(.text)
    RCC_GetSYSCLKSource                      0x0800075f   Thumb Code    10  stm32f10x_rcc.o(.text)
    RCC_HCLKConfig                           0x08000769   Thumb Code    14  stm32f10x_rcc.o(.text)
    RCC_PCLK1Config                          0x08000777   Thumb Code    14  stm32f10x_rcc.o(.text)
    RCC_PCLK2Config                          0x08000785   Thumb Code    16  stm32f10x_rcc.o(.text)
    RCC_ITConfig                             0x08000795   Thumb Code    18  stm32f10x_rcc.o(.text)
    RCC_USBCLKConfig                         0x080007a7   Thumb Code     8  stm32f10x_rcc.o(.text)
    RCC_ADCCLKConfig                         0x080007af   Thumb Code    14  stm32f10x_rcc.o(.text)
    RCC_LSEConfig                            0x080007bd   Thumb Code    28  stm32f10x_rcc.o(.text)
    RCC_LSICmd                               0x080007d9   Thumb Code     6  stm32f10x_rcc.o(.text)
    RCC_RTCCLKConfig                         0x080007df   Thumb Code    10  stm32f10x_rcc.o(.text)
    RCC_RTCCLKCmd                            0x080007e9   Thumb Code     8  stm32f10x_rcc.o(.text)
    RCC_GetClocksFreq                        0x080007f1   Thumb Code   132  stm32f10x_rcc.o(.text)
    RCC_AHBPeriphClockCmd                    0x08000875   Thumb Code    18  stm32f10x_rcc.o(.text)
    RCC_APB2PeriphClockCmd                   0x08000887   Thumb Code    18  stm32f10x_rcc.o(.text)
    RCC_APB1PeriphClockCmd                   0x08000899   Thumb Code    18  stm32f10x_rcc.o(.text)
    RCC_APB2PeriphResetCmd                   0x080008ab   Thumb Code    18  stm32f10x_rcc.o(.text)
    RCC_APB1PeriphResetCmd                   0x080008bd   Thumb Code    18  stm32f10x_rcc.o(.text)
    RCC_BackupResetCmd                       0x080008cf   Thumb Code     8  stm32f10x_rcc.o(.text)
    RCC_ClockSecuritySystemCmd               0x080008d7   Thumb Code     6  stm32f10x_rcc.o(.text)
    RCC_MCOConfig                            0x080008dd   Thumb Code     6  stm32f10x_rcc.o(.text)
    RCC_ClearFlag                            0x080008e3   Thumb Code    12  stm32f10x_rcc.o(.text)
    RCC_GetITStatus                          0x080008ef   Thumb Code    16  stm32f10x_rcc.o(.text)
    RCC_ClearITPendingBit                    0x080008ff   Thumb Code     6  stm32f10x_rcc.o(.text)
    SPI_I2S_DeInit                           0x08000925   Thumb Code    72  stm32f10x_spi.o(.text)
    SPI_Init                                 0x0800096d   Thumb Code    56  stm32f10x_spi.o(.text)
    I2S_Init                                 0x080009a5   Thumb Code   150  stm32f10x_spi.o(.text)
    SPI_StructInit                           0x08000a3b   Thumb Code    24  stm32f10x_spi.o(.text)
    I2S_StructInit                           0x08000a53   Thumb Code    18  stm32f10x_spi.o(.text)
    SPI_Cmd                                  0x08000a65   Thumb Code    20  stm32f10x_spi.o(.text)
    I2S_Cmd                                  0x08000a79   Thumb Code    20  stm32f10x_spi.o(.text)
    SPI_I2S_ITConfig                         0x08000a8d   Thumb Code    24  stm32f10x_spi.o(.text)
    SPI_I2S_DMACmd                           0x08000aa5   Thumb Code    16  stm32f10x_spi.o(.text)
    SPI_I2S_SendData                         0x08000ab5   Thumb Code     4  stm32f10x_spi.o(.text)
    SPI_I2S_ReceiveData                      0x08000ab9   Thumb Code     4  stm32f10x_spi.o(.text)
    SPI_NSSInternalSoftwareConfig            0x08000abd   Thumb Code    24  stm32f10x_spi.o(.text)
    SPI_SSOutputCmd                          0x08000ad5   Thumb Code    20  stm32f10x_spi.o(.text)
    SPI_DataSizeConfig                       0x08000ae9   Thumb Code    16  stm32f10x_spi.o(.text)
    SPI_TransmitCRC                          0x08000af9   Thumb Code    10  stm32f10x_spi.o(.text)
    SPI_CalculateCRC                         0x08000b03   Thumb Code    20  stm32f10x_spi.o(.text)
    SPI_GetCRC                               0x08000b17   Thumb Code    12  stm32f10x_spi.o(.text)
    SPI_GetCRCPolynomial                     0x08000b23   Thumb Code     4  stm32f10x_spi.o(.text)
    SPI_BiDirectionalLineConfig              0x08000b27   Thumb Code    22  stm32f10x_spi.o(.text)
    SPI_I2S_GetFlagStatus                    0x08000b3d   Thumb Code    14  stm32f10x_spi.o(.text)
    SPI_I2S_ClearFlag                        0x08000b4b   Thumb Code     6  stm32f10x_spi.o(.text)
    SPI_I2S_GetITStatus                      0x08000b51   Thumb Code    44  stm32f10x_spi.o(.text)
    SPI_I2S_ClearITPendingBit                0x08000b7d   Thumb Code    14  stm32f10x_spi.o(.text)
    USART_DeInit                             0x08000b99   Thumb Code    96  stm32f10x_usart.o(.text)
    USART_Init                               0x08000bf9   Thumb Code   166  stm32f10x_usart.o(.text)
    USART_StructInit                         0x08000c9f   Thumb Code    22  stm32f10x_usart.o(.text)
    USART_ClockInit                          0x08000cb5   Thumb Code    30  stm32f10x_usart.o(.text)
    USART_ClockStructInit                    0x08000cd3   Thumb Code    12  stm32f10x_usart.o(.text)
    USART_Cmd                                0x08000cdf   Thumb Code    20  stm32f10x_usart.o(.text)
    USART_ITConfig                           0x08000cf3   Thumb Code    48  stm32f10x_usart.o(.text)
    USART_DMACmd                             0x08000d23   Thumb Code    16  stm32f10x_usart.o(.text)
    USART_SetAddress                         0x08000d33   Thumb Code    16  stm32f10x_usart.o(.text)
    USART_WakeUpConfig                       0x08000d43   Thumb Code    16  stm32f10x_usart.o(.text)
    USART_ReceiverWakeUpCmd                  0x08000d53   Thumb Code    20  stm32f10x_usart.o(.text)
    USART_LINBreakDetectLengthConfig         0x08000d67   Thumb Code    16  stm32f10x_usart.o(.text)
    USART_LINCmd                             0x08000d77   Thumb Code    20  stm32f10x_usart.o(.text)
    USART_SendData                           0x08000d8b   Thumb Code     8  stm32f10x_usart.o(.text)
    USART_ReceiveData                        0x08000d93   Thumb Code     8  stm32f10x_usart.o(.text)
    USART_SendBreak                          0x08000d9b   Thumb Code    10  stm32f10x_usart.o(.text)
    USART_SetGuardTime                       0x08000da5   Thumb Code    16  stm32f10x_usart.o(.text)
    USART_SetPrescaler                       0x08000db5   Thumb Code    16  stm32f10x_usart.o(.text)
    USART_SmartCardCmd                       0x08000dc5   Thumb Code    20  stm32f10x_usart.o(.text)
    USART_SmartCardNACKCmd                   0x08000dd9   Thumb Code    20  stm32f10x_usart.o(.text)
    USART_HalfDuplexCmd                      0x08000ded   Thumb Code    20  stm32f10x_usart.o(.text)
    USART_OverSampling8Cmd                   0x08000e01   Thumb Code    20  stm32f10x_usart.o(.text)
    USART_OneBitMethodCmd                    0x08000e15   Thumb Code    20  stm32f10x_usart.o(.text)
    USART_IrDAConfig                         0x08000e29   Thumb Code    16  stm32f10x_usart.o(.text)
    USART_IrDACmd                            0x08000e39   Thumb Code    20  stm32f10x_usart.o(.text)
    USART_GetFlagStatus                      0x08000e4d   Thumb Code    14  stm32f10x_usart.o(.text)
    USART_ClearFlag                          0x08000e5b   Thumb Code     6  stm32f10x_usart.o(.text)
    USART_GetITStatus                        0x08000e61   Thumb Code    62  stm32f10x_usart.o(.text)
    USART_ClearITPendingBit                  0x08000e9f   Thumb Code    12  stm32f10x_usart.o(.text)
    ReadFlashTask                            0x08000ec1   Thumb Code   124  main.o(.text)
    AppTaskCreatTask                         0x08000f3d   Thumb Code    44  main.o(.text)
    main                                     0x08000f69   Thumb Code   116  main.o(.text)
    vApplicationGetIdleTaskMemory            0x08000fdd   Thumb Code    16  main.o(.text)
    vApplicationGetTimerTaskMemory           0x08000fed   Thumb Code    18  main.o(.text)
    NMI_Handler                              0x08001065   Thumb Code     2  stm32f10x_it.o(.text)
    HardFault_Handler                        0x08001067   Thumb Code     2  stm32f10x_it.o(.text)
    MemManage_Handler                        0x08001069   Thumb Code     2  stm32f10x_it.o(.text)
    BusFault_Handler                         0x0800106b   Thumb Code     2  stm32f10x_it.o(.text)
    UsageFault_Handler                       0x0800106d   Thumb Code     2  stm32f10x_it.o(.text)
    DebugMon_Handler                         0x0800106f   Thumb Code     2  stm32f10x_it.o(.text)
    SysTick_Handler                          0x08001071   Thumb Code    20  stm32f10x_it.o(.text)
    LED_GPIO_Config                          0x08001085   Thumb Code    92  bsp_led.o(.text)
    USART_Config                             0x080010e5   Thumb Code   168  bsp_usart.o(.text)
    Usart_SendByte                           0x0800118d   Thumb Code    22  bsp_usart.o(.text)
    Usart_SendArray                          0x080011a3   Thumb Code    46  bsp_usart.o(.text)
    Usart_SendString                         0x080011d1   Thumb Code    38  bsp_usart.o(.text)
    Usart_SendHalfWord                       0x080011f7   Thumb Code    50  bsp_usart.o(.text)
    fputc                                    0x08001229   Thumb Code    30  bsp_usart.o(.text)
    fgetc                                    0x08001247   Thumb Code    26  bsp_usart.o(.text)
    Key_GPIO_Config                          0x08001269   Thumb Code    50  bsp_key.o(.text)
    Key_Scan                                 0x0800129b   Thumb Code    34  bsp_key.o(.text)
    SPI_FLASH_Init                           0x080012c5   Thumb Code   178  bsp_spi.o(.text)
    SPI_FLASH_SendByte                       0x08001377   Thumb Code    90  bsp_spi.o(.text)
    SPI_FLASH_WaitForWriteEnd                0x080013d1   Thumb Code    40  bsp_spi.o(.text)
    SPI_FLASH_WriteEnable                    0x080013f9   Thumb Code    30  bsp_spi.o(.text)
    SPI_FLASH_SectorErase                    0x08001417   Thumb Code    64  bsp_spi.o(.text)
    SPI_FLASH_BulkErase                      0x08001457   Thumb Code    36  bsp_spi.o(.text)
    SPI_FLASH_PageWrite                      0x0800147b   Thumb Code    96  bsp_spi.o(.text)
    SPI_FLASH_BufferWrite                    0x080014db   Thumb Code   182  bsp_spi.o(.text)
    SPI_FLASH_BufferRead                     0x08001591   Thumb Code    78  bsp_spi.o(.text)
    SPI_FLASH_ReadID                         0x080015df   Thumb Code    62  bsp_spi.o(.text)
    SPI_FLASH_ReadDeviceID                   0x0800161d   Thumb Code    56  bsp_spi.o(.text)
    SPI_FLASH_StartReadSequence              0x08001655   Thumb Code    42  bsp_spi.o(.text)
    SPI_FLASH_ReadByte                       0x0800167f   Thumb Code     4  bsp_spi.o(.text)
    SPI_FLASH_SendHalfWord                   0x08001683   Thumb Code   162  bsp_spi.o(.text)
    SPI_Flash_PowerDown                      0x08001725   Thumb Code    30  bsp_spi.o(.text)
    SPI_Flash_WAKEUP                         0x08001743   Thumb Code    30  bsp_spi.o(.text)
    vListInitialise                          0x080017a5   Thumb Code    22  list.o(.text)
    vListInitialiseItem                      0x080017bb   Thumb Code     6  list.o(.text)
    vListInsertEnd                           0x080017c1   Thumb Code    24  list.o(.text)
    vListInsert                              0x080017d9   Thumb Code    48  list.o(.text)
    uxListRemove                             0x08001809   Thumb Code    36  list.o(.text)
    xQueueGenericReset                       0x0800182d   Thumb Code   128  queue.o(.text)
    xQueueGenericCreateStatic                0x080018ad   Thumb Code   100  queue.o(.text)
    xQueueGenericCreate                      0x08001911   Thumb Code    68  queue.o(.text)
    xQueueGenericSend                        0x08001a2b   Thumb Code   332  queue.o(.text)
    xQueueCreateMutex                        0x08001b77   Thumb Code    22  queue.o(.text)
    xQueueCreateMutexStatic                  0x08001b8d   Thumb Code    26  queue.o(.text)
    xQueueGiveMutexRecursive                 0x08001ba7   Thumb Code    56  queue.o(.text)
    xQueueGenericReceive                     0x08001c35   Thumb Code   356  queue.o(.text)
    xQueueTakeMutexRecursive                 0x08001d99   Thumb Code    68  queue.o(.text)
    xQueueCreateCountingSemaphoreStatic      0x08001ddd   Thumb Code    70  queue.o(.text)
    xQueueCreateCountingSemaphore            0x08001e23   Thumb Code    62  queue.o(.text)
    xQueueGenericSendFromISR                 0x08001e61   Thumb Code   186  queue.o(.text)
    xQueueGiveFromISR                        0x08001f1b   Thumb Code   156  queue.o(.text)
    xQueueReceiveFromISR                     0x08001fb7   Thumb Code   150  queue.o(.text)
    xQueuePeekFromISR                        0x0800204d   Thumb Code   114  queue.o(.text)
    uxQueueMessagesWaiting                   0x080020bf   Thumb Code    36  queue.o(.text)
    uxQueueSpacesAvailable                   0x080020e3   Thumb Code    40  queue.o(.text)
    uxQueueMessagesWaitingFromISR            0x0800210b   Thumb Code    26  queue.o(.text)
    vQueueUnregisterQueue                    0x08002125   Thumb Code    36  queue.o(.text)
    vQueueDelete                             0x08002149   Thumb Code    48  queue.o(.text)
    xQueueIsQueueEmptyFromISR                0x08002179   Thumb Code    34  queue.o(.text)
    xQueueIsQueueFullFromISR                 0x0800219b   Thumb Code    38  queue.o(.text)
    vQueueAddToRegistry                      0x080021c1   Thumb Code    32  queue.o(.text)
    pcQueueGetName                           0x080021e1   Thumb Code    34  queue.o(.text)
    vQueueWaitForMessageRestricted           0x08002203   Thumb Code    68  queue.o(.text)
    xTaskCreateStatic                        0x080023e1   Thumb Code   102  tasks.o(.text)
    xTaskCreate                              0x08002447   Thumb Code    90  tasks.o(.text)
    vTaskDelete                              0x080024d5   Thumb Code   154  tasks.o(.text)
    xTaskIncrementTick                       0x0800256f   Thumb Code   186  tasks.o(.text)
    xTaskResumeAll                           0x08002629   Thumb Code   242  tasks.o(.text)
    vTaskSuspendAll                          0x0800277f   Thumb Code    10  tasks.o(.text)
    vTaskDelayUntil                          0x08002789   Thumb Code   138  tasks.o(.text)
    vTaskDelay                               0x08002813   Thumb Code    66  tasks.o(.text)
    eTaskGetState                            0x08002855   Thumb Code    94  tasks.o(.text)
    uxTaskPriorityGet                        0x080028b3   Thumb Code    24  tasks.o(.text)
    uxTaskPriorityGetFromISR                 0x080028cb   Thumb Code    40  tasks.o(.text)
    vTaskPrioritySet                         0x080028f3   Thumb Code   184  tasks.o(.text)
    vTaskSwitchContext                       0x080029ab   Thumb Code    84  tasks.o(.text)
    vTaskSuspend                             0x080029ff   Thumb Code   156  tasks.o(.text)
    vTaskResume                              0x08002acb   Thumb Code   136  tasks.o(.text)
    xTaskResumeFromISR                       0x08002b53   Thumb Code   124  tasks.o(.text)
    vTaskStartScheduler                      0x08002bed   Thumb Code   122  tasks.o(.text)
    vTaskEndScheduler                        0x08002c67   Thumb Code    24  tasks.o(.text)
    xTaskGetTickCount                        0x08002c7f   Thumb Code     6  tasks.o(.text)
    xTaskGetTickCountFromISR                 0x08002c85   Thumb Code    12  tasks.o(.text)
    uxTaskGetNumberOfTasks                   0x08002c91   Thumb Code     6  tasks.o(.text)
    pcTaskGetName                            0x08002c97   Thumb Code    38  tasks.o(.text)
    vTaskPlaceOnEventList                    0x08002cbd   Thumb Code    46  tasks.o(.text)
    vTaskPlaceOnUnorderedEventList           0x08002ceb   Thumb Code    78  tasks.o(.text)
    vTaskPlaceOnEventListRestricted          0x08002d39   Thumb Code    54  tasks.o(.text)
    xTaskRemoveFromEventList                 0x08002d6f   Thumb Code   104  tasks.o(.text)
    xTaskRemoveFromUnorderedEventList        0x08002dd7   Thumb Code   116  tasks.o(.text)
    vTaskSetTimeOutState                     0x08002e4b   Thumb Code    34  tasks.o(.text)
    xTaskCheckForTimeOut                     0x08002e6d   Thumb Code   102  tasks.o(.text)
    vTaskMissedYield                         0x08002ed3   Thumb Code     8  tasks.o(.text)
    xTaskGetCurrentTaskHandle                0x08002edb   Thumb Code     6  tasks.o(.text)
    xTaskGetSchedulerState                   0x08002ee1   Thumb Code    22  tasks.o(.text)
    vTaskPriorityInherit                     0x08002ef7   Thumb Code   156  tasks.o(.text)
    xTaskPriorityDisinherit                  0x08002f93   Thumb Code   144  tasks.o(.text)
    uxTaskResetEventItemValue                0x08003023   Thumb Code    20  tasks.o(.text)
    pvTaskIncrementMutexHeldCount            0x08003037   Thumb Code    18  tasks.o(.text)
    ulTaskNotifyTake                         0x08003049   Thumb Code    96  tasks.o(.text)
    xTaskNotifyWait                          0x080030a9   Thumb Code   128  tasks.o(.text)
    xTaskGenericNotify                       0x08003129   Thumb Code   190  tasks.o(.text)
    xTaskGenericNotifyFromISR                0x080031e7   Thumb Code   228  tasks.o(.text)
    vTaskNotifyGiveFromISR                   0x080032cb   Thumb Code   168  tasks.o(.text)
    xTaskNotifyStateClear                    0x08003373   Thumb Code    62  tasks.o(.text)
    xTimerGenericCommand                     0x08003451   Thumb Code    96  timers.o(.text)
    xTimerCreateTimerTask                    0x080035d9   Thumb Code    80  timers.o(.text)
    xTimerCreate                             0x08003669   Thumb Code    52  timers.o(.text)
    xTimerCreateStatic                       0x0800369d   Thumb Code    62  timers.o(.text)
    xTimerGetTimerDaemonTaskHandle           0x080036db   Thumb Code    24  timers.o(.text)
    xTimerGetPeriod                          0x080036f3   Thumb Code    22  timers.o(.text)
    xTimerGetExpiryTime                      0x08003709   Thumb Code    22  timers.o(.text)
    pcTimerGetName                           0x0800371f   Thumb Code    22  timers.o(.text)
    xTimerIsTimerActive                      0x08003735   Thumb Code    40  timers.o(.text)
    pvTimerGetTimerID                        0x0800375d   Thumb Code    32  timers.o(.text)
    vTimerSetTimerID                         0x0800377d   Thumb Code    34  timers.o(.text)
    pvPortMalloc                             0x080039a5   Thumb Code   214  heap_4.o(.text)
    vPortFree                                0x08003a7b   Thumb Code    96  heap_4.o(.text)
    xPortGetFreeHeapSize                     0x08003adb   Thumb Code     8  heap_4.o(.text)
    xPortGetMinimumEverFreeHeapSize          0x08003ae3   Thumb Code     8  heap_4.o(.text)
    vPortInitialiseBlocks                    0x08003aeb   Thumb Code     2  heap_4.o(.text)
    pxPortInitialiseStack                    0x08003b93   Thumb Code    32  port.o(.text)
    vPortSetupTimerInterrupt                 0x08003bb3   Thumb Code    26  port.o(.text)
    xPortStartScheduler                      0x08003bcd   Thumb Code   108  port.o(.text)
    vPortEndScheduler                        0x08003c39   Thumb Code    24  port.o(.text)
    vPortEnterCritical                       0x08003c51   Thumb Code    52  port.o(.text)
    vPortExitCritical                        0x08003c85   Thumb Code    34  port.o(.text)
    xPortSysTickHandler                      0x08003ca7   Thumb Code    40  port.o(.text)
    vPortValidateInterruptPriority           0x08003ccf   Thumb Code    72  port.o(.text)
    disk_status                              0x08003d65   Thumb Code    32  diskio.o(.text)
    disk_initialize                          0x08003d85   Thumb Code    30  diskio.o(.text)
    disk_read                                0x08003da3   Thumb Code    44  diskio.o(.text)
    disk_write                               0x08003dcf   Thumb Code    56  diskio.o(.text)
    disk_ioctl                               0x08003e07   Thumb Code    52  diskio.o(.text)
    get_fattime                              0x08003e3b   Thumb Code     4  diskio.o(.text)
    clust2sect                               0x08003f79   Thumb Code    24  ff.o(.text)
    get_fat                                  0x08003f91   Thumb Code   230  ff.o(.text)
    put_fat                                  0x08004077   Thumb Code   288  ff.o(.text)
    f_mount                                  0x08004e1f   Thumb Code    74  ff.o(.text)
    f_open                                   0x08004e69   Thumb Code   324  ff.o(.text)
    f_read                                   0x08004fad   Thumb Code   350  ff.o(.text)
    f_write                                  0x0800510b   Thumb Code   422  ff.o(.text)
    f_sync                                   0x080052b1   Thumb Code   152  ff.o(.text)
    f_close                                  0x08005349   Thumb Code    28  ff.o(.text)
    f_lseek                                  0x08005365   Thumb Code   324  ff.o(.text)
    f_opendir                                0x080054a9   Thumb Code   100  ff.o(.text)
    f_closedir                               0x0800550d   Thumb Code    18  ff.o(.text)
    f_readdir                                0x0800551f   Thumb Code    82  ff.o(.text)
    f_stat                                   0x08005571   Thumb Code    64  ff.o(.text)
    f_getfree                                0x080055b1   Thumb Code   190  ff.o(.text)
    f_truncate                               0x0800566f   Thumb Code   176  ff.o(.text)
    f_unlink                                 0x0800571f   Thumb Code   152  ff.o(.text)
    f_mkdir                                  0x080057b7   Thumb Code   362  ff.o(.text)
    f_chmod                                  0x08005921   Thumb Code    78  ff.o(.text)
    f_rename                                 0x0800596f   Thumb Code   244  ff.o(.text)
    f_utime                                  0x08005a63   Thumb Code    84  ff.o(.text)
    f_mkfs                                   0x08005ab7   Thumb Code  1354  ff.o(.text)
    ff_convert                               0x0800619d   Thumb Code    68  cc936.o(.text)
    ff_wtoupper                              0x080061e1   Thumb Code    70  cc936.o(.text)
    __aeabi_memcpy                           0x08006239   Thumb Code    36  memcpya.o(.text)
    __aeabi_memcpy4                          0x08006239   Thumb Code     0  memcpya.o(.text)
    __aeabi_memcpy8                          0x08006239   Thumb Code     0  memcpya.o(.text)
    __aeabi_memset                           0x0800625d   Thumb Code    14  memseta.o(.text)
    __aeabi_memset4                          0x0800625d   Thumb Code     0  memseta.o(.text)
    __aeabi_memset8                          0x0800625d   Thumb Code     0  memseta.o(.text)
    __aeabi_memclr                           0x0800626b   Thumb Code     4  memseta.o(.text)
    __aeabi_memclr4                          0x0800626b   Thumb Code     0  memseta.o(.text)
    __aeabi_memclr8                          0x0800626b   Thumb Code     0  memseta.o(.text)
    _memset$wrapper                          0x0800626f   Thumb Code    18  memseta.o(.text)
    __aeabi_uidiv                            0x08006281   Thumb Code     0  uidiv.o(.text)
    __aeabi_uidivmod                         0x08006281   Thumb Code    44  uidiv.o(.text)
    __scatterload                            0x080062ad   Thumb Code    28  init.o(.text)
    __scatterload_rt2                        0x080062ad   Thumb Code     0  init.o(.text)
    __0printf$3                              0x080062d1   Thumb Code    22  printf3.o(i.__0printf$3)
    __1printf$3                              0x080062d1   Thumb Code     0  printf3.o(i.__0printf$3)
    __2printf                                0x080062d1   Thumb Code     0  printf3.o(i.__0printf$3)
    __scatterload_copy                       0x080062f1   Thumb Code    14  handlers.o(i.__scatterload_copy)
    __scatterload_null                       0x080062ff   Thumb Code     2  handlers.o(i.__scatterload_null)
    __scatterload_zeroinit                   0x08006301   Thumb Code    14  handlers.o(i.__scatterload_zeroinit)
    Region$$Table$$Base                      0x080315c4   Number         0  anon$$obj.o(Region$$Table)
    Region$$Table$$Limit                     0x080315e4   Number         0  anon$$obj.o(Region$$Table)
    SystemCoreClock                          0x20000000   Data           4  system_stm32f10x.o(.data)
    AHBPrescTable                            0x20000004   Data          16  system_stm32f10x.o(.data)
    filefeedback                             0x20000028   Data           1  main.o(.data)
    ReadFlashTaskHandle                      0x2000002c   Data           4  main.o(.data)
    StartTaskHandle                          0x20000030   Data           4  main.o(.data)
    pxCurrentTCB                             0x20000038   Data           4  tasks.o(.data)
    __stdout                                 0x200000b8   Data           4  stdout.o(.data)
    Idle_Task_TCB                            0x200000bc   Data          84  main.o(.bss)
    Idle_Task_Stack                          0x20000110   Data         512  main.o(.bss)
    Timer_Task_TCB                           0x20000310   Data          84  main.o(.bss)
    Timer_Task_Stack                         0x20000364   Data        1024  main.o(.bss)
    file                                     0x20000764   Data        4144  main.o(.bss)
    fp                                       0x20001794   Data        4132  main.o(.bss)
    xQueueRegistry                           0x200027b8   Data          80  queue.o(.bss)
    __initial_sp                             0x2000c1d8   Data           0  startup_stm32f10x_hd.o(STACK)



==============================================================================

Memory Map of the image

  Image Entry point : 0x08000131

  Load Region LR_IROM1 (Base: 0x08000000, Size: 0x000316a0, Max: 0x00080000, ABSOLUTE)

    Execution Region ER_IROM1 (Exec base: 0x08000000, Load base: 0x08000000, Size: 0x000315e4, Max: 0x00080000, ABSOLUTE)

    Exec Addr    Load Addr    Size         Type   Attr      Idx    E Section Name        Object

    0x08000000   0x08000000   0x00000130   Data   RO            3    RESET               startup_stm32f10x_hd.o
    0x08000130   0x08000130   0x00000000   Code   RO          804  * .ARM.Collect$$$$00000000  mc_w.l(entry.o)
    0x08000130   0x08000130   0x00000004   Code   RO         1074    .ARM.Collect$$$$00000001  mc_w.l(entry2.o)
    0x08000134   0x08000134   0x00000004   Code   RO         1077    .ARM.Collect$$$$00000004  mc_w.l(entry5.o)
    0x08000138   0x08000138   0x00000000   Code   RO         1079    .ARM.Collect$$$$00000008  mc_w.l(entry7b.o)
    0x08000138   0x08000138   0x00000000   Code   RO         1081    .ARM.Collect$$$$0000000A  mc_w.l(entry8b.o)
    0x08000138   0x08000138   0x00000008   Code   RO         1082    .ARM.Collect$$$$0000000B  mc_w.l(entry9a.o)
    0x08000140   0x08000140   0x00000000   Code   RO         1084    .ARM.Collect$$$$0000000D  mc_w.l(entry10a.o)
    0x08000140   0x08000140   0x00000000   Code   RO         1086    .ARM.Collect$$$$0000000F  mc_w.l(entry11a.o)
    0x08000140   0x08000140   0x00000004   Code   RO         1075    .ARM.Collect$$$$00002712  mc_w.l(entry2.o)
    0x08000144   0x08000144   0x00000096   Code   RO          708    .emb_text           port.o
    0x080001da   0x080001da   0x00000002   PAD
    0x080001dc   0x080001dc   0x00000024   Code   RO            4    .text               startup_stm32f10x_hd.o
    0x08000200   0x08000200   0x00000158   Code   RO           24    .text               system_stm32f10x.o
    0x08000358   0x08000358   0x000000b0   Code   RO          121    .text               misc.o
    0x08000408   0x08000408   0x00000264   Code   RO          270    .text               stm32f10x_gpio.o
    0x0800066c   0x0800066c   0x000002b8   Code   RO          318    .text               stm32f10x_rcc.o
    0x08000924   0x08000924   0x00000274   Code   RO          357    .text               stm32f10x_spi.o
    0x08000b98   0x08000b98   0x00000328   Code   RO          382    .text               stm32f10x_usart.o
    0x08000ec0   0x08000ec0   0x000001a4   Code   RO          406    .text               main.o
    0x08001064   0x08001064   0x00000020   Code   RO          492    .text               stm32f10x_it.o
    0x08001084   0x08001084   0x00000060   Code   RO          507    .text               bsp_led.o
    0x080010e4   0x080010e4   0x00000184   Code   RO          522    .text               bsp_usart.o
    0x08001268   0x08001268   0x0000005c   Code   RO          539    .text               bsp_key.o
    0x080012c4   0x080012c4   0x000004e0   Code   RO          551    .text               bsp_spi.o
    0x080017a4   0x080017a4   0x00000088   Code   RO          615    .text               list.o
    0x0800182c   0x0800182c   0x00000a68   Code   RO          627    .text               queue.o
    0x08002294   0x08002294   0x00001188   Code   RO          646    .text               tasks.o
    0x0800341c   0x0800341c   0x00000540   Code   RO          678    .text               timers.o
    0x0800395c   0x0800395c   0x00000214   Code   RO          693    .text               heap_4.o
    0x08003b70   0x08003b70   0x000001f4   Code   RO          709    .text               port.o
    0x08003d64   0x08003d64   0x000000e0   Code   RO          739    .text               diskio.o
    0x08003e44   0x08003e44   0x00002358   Code   RO          758    .text               ff.o
    0x0800619c   0x0800619c   0x0000009c   Code   RO          781    .text               cc936.o
    0x08006238   0x08006238   0x00000024   Code   RO          807    .text               mc_w.l(memcpya.o)
    0x0800625c   0x0800625c   0x00000024   Code   RO          809    .text               mc_w.l(memseta.o)
    0x08006280   0x08006280   0x0000002c   Code   RO         1089    .text               mc_w.l(uidiv.o)
    0x080062ac   0x080062ac   0x00000024   Code   RO         1104    .text               mc_w.l(init.o)
    0x080062d0   0x080062d0   0x00000020   Code   RO          902    i.__0printf$3       mc_w.l(printf3.o)
    0x080062f0   0x080062f0   0x0000000e   Code   RO         1116    i.__scatterload_copy  mc_w.l(handlers.o)
    0x080062fe   0x080062fe   0x00000002   Code   RO         1117    i.__scatterload_null  mc_w.l(handlers.o)
    0x08006300   0x08006300   0x0000000e   Code   RO         1118    i.__scatterload_zeroinit  mc_w.l(handlers.o)
    0x0800630e   0x0800630e   0x00000002   PAD
    0x08006310   0x08006310   0x000001b8   Code   RO          909    i._printf_core      mc_w.l(printf3.o)
    0x080064c8   0x080064c8   0x0000003a   Data   RO          760    .constdata          ff.o
    0x08006502   0x08006502   0x0002b0c0   Data   RO          782    .constdata          cc936.o
    0x080315c2   0x080315c2   0x00000002   PAD
    0x080315c4   0x080315c4   0x00000020   Data   RO         1114    Region$$Table       anon$$obj.o


    Execution Region RW_IRAM1 (Exec base: 0x20000000, Load base: 0x080315e4, Size: 0x0000c1d8, Max: 0x00010000, ABSOLUTE)

    Exec Addr    Load Addr    Size         Type   Attr      Idx    E Section Name        Object

    0x20000000   0x080315e4   0x00000014   Data   RW           25    .data               system_stm32f10x.o
    0x20000014   0x080315f8   0x00000014   Data   RW          319    .data               stm32f10x_rcc.o
    0x20000028   0x0803160c   0x0000000c   Data   RW          408    .data               main.o
    0x20000034   0x08031618   0x00000004   Data   RW          552    .data               bsp_spi.o
    0x20000038   0x0803161c   0x0000003c   Data   RW          648    .data               tasks.o
    0x20000074   0x08031658   0x00000014   Data   RW          680    .data               timers.o
    0x20000088   0x0803166c   0x00000018   Data   RW          695    .data               heap_4.o
    0x200000a0   0x08031684   0x0000000c   Data   RW          710    .data               port.o
    0x200000ac   0x08031690   0x0000000c   Data   RW          761    .data               ff.o
    0x200000b8   0x0803169c   0x00000004   Data   RW         1088    .data               mc_w.l(stdout.o)
    0x200000bc        -       0x000026fc   Zero   RW          407    .bss                main.o
    0x200027b8        -       0x00000050   Zero   RW          628    .bss                queue.o
    0x20002808        -       0x000002e4   Zero   RW          647    .bss                tasks.o
    0x20002aec        -       0x000000e8   Zero   RW          679    .bss                timers.o
    0x20002bd4        -       0x00009000   Zero   RW          694    .bss                heap_4.o
    0x2000bbd4        -       0x00000200   Zero   RW          759    .bss                ff.o
    0x2000bdd4   0x080316a0   0x00000004   PAD
    0x2000bdd8        -       0x00000400   Zero   RW            1    STACK               startup_stm32f10x_hd.o


==============================================================================

Image component sizes


      Code (inc. data)   RO Data    RW Data    ZI Data      Debug   Object Name

        92          8          0          0          0       1123   bsp_key.o
        96          4          0          0          0        550   bsp_led.o
      1248        122          0          4          0       5486   bsp_spi.o
       388          8          0          0          0       3968   bsp_usart.o
       156         18     176320          0          0       2541   cc936.o
         0          0          0          0          0       4508   core_cm3.o
       224          6          0          0          0       4112   diskio.o
         0          0          0          0          0      16204   event_groups.o
      9048        132         58         12        512      36220   ff.o
       532         66          0         24      36864       3488   heap_4.o
       136          0          0          0          0       1886   list.o
       420        102          0         12       9980      28100   main.o
       176         14          0          0          0       1965   misc.o
       650         90          0         12          0       7805   port.o
      2664         56          0          0         80      15933   queue.o
        36          8        304          0       1024        880   startup_stm32f10x_hd.o
       612         36          0          0          0       6089   stm32f10x_gpio.o
        32          0          0          0          0       1151   stm32f10x_it.o
       696         32          0         20          0       9088   stm32f10x_rcc.o
       628         14          0          0          0       7110   stm32f10x_spi.o
       808         22          0          0          0       8952   stm32f10x_usart.o
       344         34          0         20          0     237083   system_stm32f10x.o
      4488        146          0         60        740      38053   tasks.o
      1344        136          0         20        232       9098   timers.o

    ----------------------------------------------------------------------
     24820       1054     176716        184      49436     451393   Object Totals
         0          0         32          0          0          0   (incl. Generated)
         2          0          2          0          4          0   (incl. Padding)

    ----------------------------------------------------------------------

      Code (inc. data)   RO Data    RW Data    ZI Data      Debug   Library Member Name

         0          0          0          0          0          0   entry.o
         0          0          0          0          0          0   entry10a.o
         0          0          0          0          0          0   entry11a.o
         8          4          0          0          0          0   entry2.o
         4          0          0          0          0          0   entry5.o
         0          0          0          0          0          0   entry7b.o
         0          0          0          0          0          0   entry8b.o
         8          4          0          0          0          0   entry9a.o
        30          0          0          0          0          0   handlers.o
        36          8          0          0          0         68   init.o
        36          0          0          0          0         68   memcpya.o
        36          0          0          0          0        108   memseta.o
       472         14          0          0          0        184   printf3.o
         0          0          0          4          0          0   stdout.o
        44          0          0          0          0         80   uidiv.o

    ----------------------------------------------------------------------
       676         30          0          4          0        508   Library Totals
         2          0          0          0          0          0   (incl. Padding)

    ----------------------------------------------------------------------

      Code (inc. data)   RO Data    RW Data    ZI Data      Debug   Library Name

       674         30          0          4          0        508   mc_w.l

    ----------------------------------------------------------------------
       676         30          0          4          0        508   Library Totals

    ----------------------------------------------------------------------

==============================================================================


      Code (inc. data)   RO Data    RW Data    ZI Data      Debug   

     25496       1084     176716        188      49436     449245   Grand Totals
     25496       1084     176716        188      49436     449245   ELF Image Totals
     25496       1084     176716        188          0          0   ROM Totals

==============================================================================

    Total RO  Size (Code + RO Data)               202212 ( 197.47kB)
    Total RW  Size (RW Data + ZI Data)             49624 (  48.46kB)
    Total ROM Size (Code + RO Data + RW Data)     202400 ( 197.66kB)

==============================================================================

